18:34:34 INFO    extracting 463 case documents from downloaded/DOJ_2026 (effort=high)
18:34:34 INFO    output -> /Users/max-imac/MaxWork/AgentWork/Download_FraudCases/extracted/DOJ_2026
18:34:51 INFO    1/463 2026-national-health-care-fraud-takedown_75fa07f25008.pdf
18:35:03 INFO    2/463 3-85-million-settlement-of-case-against-labor-unions-for-improper-receipt-of-paycheck-protection-program-ppp-l_9d67a410c1ce.pdf
18:35:14 INFO    3/463 8-arrested-in-health-care-fraud-takedown-including-owners-of-hospices-that-billed-taxpayers-millions-of-dollar_bcae7a7bcc80.pdf
18:35:14 INFO    4/463 addiction-recovery-care-and-affiliates-agree-to-pay-16-2-million-civil-judgment-to-resolve-medicaid-fraud-alle_eb4abafca949.pdf
18:35:14 INFO    5/463 adult-day-care-owner-pleads-guilty-to-500-000-medicare-fraud-scheme_903a3e60e0ce.pdf
18:35:14 INFO    6/463 adult-day-care-provider-accused-of-1-47-million-missouri-medicaid-fraud_8655e38a91b2.pdf
18:35:14 INFO    7/463 advanced-urology-and-jitesh-patel-will-pay-14-million-to-settle-false-claims-act-case-involving-allegations-of_c77373e0fcc8.pdf
18:35:14 INFO    8/463 aetna-agrees-to-pay-117-7-million-to-resolve-allegations-that-it-violated-the-false-claims-act-by-submitting-o_cd3e75ee062f.pdf
18:35:14 INFO    9/463 aetna-agrees-to-pay-117-7-million-to-resolve-false-claims-act-allegations_8b5b9585d934.pdf
18:35:16 INFO    10/463 ahold-delhaize-usa-inc-to-pay-40m-for-allegedly-reporting-inflated-drug-prices-on-claims-to-federal-healthcare_1aa12107a07c.pdf
18:35:16 INFO    11/463 alabama-doctor-sentenced-to-over-one-year-in-prison-for-2-7-million-telemedicine-health-care-fraud-scheme_5640247d9adc.pdf
18:35:17 INFO    12/463 american-health-companies-dba-american-health-partners-agrees-to-pay-over-two-million-dollars-to-resolve-false_bf7bce23e890.pdf
18:35:21 INFO    13/463 amerisourcebergen-subsidiary-agrees-to-pay-1-million-for-allegedly-paying-kickbacks-to-health-care-providers-a_e608cd6a424d.pdf
18:35:27 INFO    14/463 amtrak-employees-admit-participating-in-11-million-health-care-fraud-scheme_1fd11489df55.pdf
18:35:29 INFO    15/463 anchorage-doctor-sentenced-to-prison-for-multi-million-dollar-health-care-fraud-and-tax-evasion_99681d2665d6.pdf
18:35:30 INFO    16/463 anchorage-doctor-sentenced-to-prison-in-multi-million-dollar-health-care-tax-fraud-schemes_259e75dc37e0.pdf
18:35:30 INFO    17/463 another-member-of-notorious-philadelphia-10th-and-o-crew-sentenced-to-60-months-for-opioid-drug-conspiracy_628da07b8d8d.pdf
18:35:34 INFO    18/463 appleton-clinic-to-pay-over-380-000-to-resolve-false-claims-act-allegations-relating-to-the-marketing-and-use-_6f2edf7cafc1.pdf
18:35:35 INFO    19/463 aprn-charged-with-defrauding-connecticuts-medicaid-program_774a21dd15ec.pdf
18:35:36 INFO    20/463 arizona-cardiology-group-to-pay-4-75m-to-resolve-allegations-of-unnecessary-vein-ablations_cc5a227918f4.pdf
18:35:36 INFO    21/463 arizona-surgical-hospital-agrees-to-pay-5-6m-to-resolve-alleged-false-claims-act-violations_d0a66d8b239f.pdf
18:35:44 INFO    22/463 arkansas-pathology-laboratory-and-its-owners-pay-30m-to-settle-allegations-of-kickbacks-and-unnecessary-medica_07614d6737be.pdf
18:35:44 INFO    23/463 arkansas-woman-indicted-for-identity-theft-and-impersonating-a-registered-nurse-in-tennessee-as-part-of-the-na_13590c0f79ec.pdf
18:35:46 INFO    24/463 armenian-man-extradited-to-u-s-faces-charges-for-role-in-infostealing-malware-scheme_5dc8c68dd114.pdf
18:35:46 INFO    25/463 arthritis-amp-rheumatology-center-p-c-and-jatin-patel-settle-false-claims-act-case-for-2-18-million_154d381e2382.pdf
18:35:55 INFO    26/463 behavioral-health-companies-and-physician-owner-agree-to-pay-1-4-million-for-allegedly-billing-for-psychothera_c5c449456580.pdf
18:35:55 INFO    27/463 behavioral-therapist-pleads-guilty-to-health-care-fraud-for-submitting-inflated-insurance-reimbursement-claims_73f7c0afb164.pdf
18:35:55 INFO    28/463 biotech-ceo-sentenced-in-securities-fraud-scheme_d1800350908e.pdf
18:36:00 INFO    29/463 blood-test-lab-owner-sentenced-to-more-than-4-years-in-federal-prison-for-using-shill-to-collect-medicare-paym_57a211a4d299.pdf
18:36:00 INFO    30/463 bloomfield-man-sentenced-to-federal-prison-for-health-care-fraud_7dffcd6c262e.pdf
18:36:00 INFO    31/463 brentwood-woman-pleads-guilty-to-defrauding-taxpayers-out-of-6-9-million_8aead34eacce.pdf
18:36:08 INFO    32/463 brooklyn-banker-pleads-guilty-to-laundering-proceeds-of-medicare-fraud-for-transnational-criminal-organization_253e6639d243.pdf
18:36:08 INFO    33/463 business-owner-convicted-of-1-9m-medicare-medicaid-and-private-insurer-fraud-scheme_d84d2beec005.pdf
18:36:08 INFO    34/463 caldwell-woman-charged-in-the-district-of-idaho-as-part-of-the-national-health-care-fraud-takedown_37d918d27c36.pdf
18:36:10 INFO    35/463 california-doctor-convicted-of-45m-botox-fraud-scheme-targeting-medicare_2f6942152032.pdf
18:36:15 INFO    36/463 california-man-found-guilty-of-defrauding-his-former-employer-optum-inc_851b09877d33.pdf
18:36:20 INFO    37/463 california-man-pleads-guilty-to-orchestrating-270m-medication-reimbursement-fraud-scheme_3959cdc72811.pdf
18:36:20 INFO    38/463 cape-may-county-psychiatrist-admits-to-17-felony-counts-for-unlawful-controlled-substance-prescriptions-linked_932c69e64aa6.pdf
18:36:20 INFO    39/463 carls-cab-operators-charged-in-4-2-million-medicaid-fraud-and-kickback-scheme_353674edddb3.pdf
18:36:30 INFO    40/463 celina-pharmacy-owner-sentenced-for-opioid-distribution-health-care-fraud_f9fbc80a0d85.pdf
18:36:30 INFO    41/463 ceo-and-va-employee-plead-guilty-to-paying-and-receiving-illegal-health-care-kickbacks-and-bribes_79758e9b9955.pdf
18:36:30 INFO    42/463 ceo-of-bay-area-home-health-agency-convicted-of-health-care-fraud-conspiracy-targeting-medicare_a0258572f2c4.pdf
18:36:30 INFO    43/463 ceo-of-skincare-company-pleads-guilty-to-fdca-charges-and-mail-fraud_73cc1f8965e3.pdf
18:36:33 INFO    44/463 cfo-of-boston-area-spinal-device-company-pleads-guilty-to-kickback-scheme_5d7e2abb09f6.pdf
18:36:37 INFO    45/463 cfo-of-boston-area-spinal-device-company-sentenced-to-four-months-in-prison-for-kickback-scheme_a5ca7d45470d.pdf
18:36:37 INFO    46/463 charleston-county-school-board-member-indicted-for-bribery-and-covid-fraud_f078d9f9ffcc.pdf
18:36:37 INFO    47/463 charlotte-man-charged-with-defrauding-the-north-carolina-medicaid-program-out-of-hundreds-of-thousands-of-doll_7116c4406ad2.pdf
18:36:40 INFO    48/463 cheshire-nurse-admits-illegally-distributing-controlled-substances_dc89a79bc9a2.pdf
18:36:46 INFO    49/463 cheshire-nurse-who-illegally-distributed-controlled-substances-is-sentenced_0244f89d2192.pdf
18:36:48 INFO    50/463 chief-regulatory-officer-for-exthera-medical-charged-with-concealing-adverse-events-including-deaths-from-fda-_6477fd05883f.pdf
18:36:49 INFO    51/463 chinese-manufacturing-subsidiary-settles-paycheck-protection-program-loan-fraud-allegations-for-over-5-million_22430b11d915.pdf
18:36:49 INFO    52/463 chipley-based-physical-therapy-practice-pays-over-750-000-to-resolve-false-claims-act-litigation_c2ce33f8cba7.pdf
18:36:54 INFO    53/463 chiropractor-sentenced-to-43-months-in-prison-for-14-9-million-health-care-fraud-and-kickback-scheme-related-t_fd671d7161aa.pdf
18:36:57 INFO    54/463 civil-complaint-filed-over-false-laboratory-claims_b5bb7f6ac8a4.pdf
18:37:01 INFO    55/463 civil-settlements-reached-as-part-of-department-of-justice-national-health-care-fraud-takedown_8a19d8823b35.pdf
18:37:08 INFO    56/463 clayton-chiropractor-sentenced-to-100-months-in-prison_083afbe3eabd.pdf
18:37:08 INFO    57/463 cleveland-income-tax-preparer-charged-with-filing-false-returns_bbe4af97363f.pdf
18:37:08 INFO    58/463 clinic-manager-convicted-of-8-million-medicare-fraud-scheme_34b9f0bf9051.pdf
18:37:08 INFO    59/463 clinic-manager-convicted-of-8m-medicare-fraud-scheme_2614f5070a72.pdf
18:37:08 INFO    60/463 clinic-owner-convicted-for-52m-health-care-fraud-illegal-narcotics-distribution-and-kickback-scheme_a8dd925852aa.pdf
18:37:11 INFO    61/463 coeur-dalene-physician-sentenced-to-40-months-imprisonment-and-1-25-million-in-restitution-for-involvement-in-_71625ed0de3b.pdf
18:37:13 INFO    62/463 colorado-man-charged-in-medicaid-fraud-scheme-connected-to-arapahoe-county-adult-daycare_14df5764780c.pdf
18:37:14 INFO    63/463 columbia-missouri-doctor-arrested-accused-of-health-care-fraud-illegally-prescribing-drugs_e4ed0076c857.pdf
18:37:15 INFO    64/463 connecticut-lab-and-its-owner-pay-over-145k-to-settle-allegations-of-medicaid-enrollment-fraud_1c1096b3b4ff.pdf
18:37:22 INFO    65/463 consent-judgment-entered-against-bucks-county-company-resolving-allegations-of-false-claims-for-billing-group-_a75f786e988a.pdf
18:37:22 INFO    66/463 contractor-agrees-to-pay-2-4-million-to-settle-false-claims-act-allegations_47a13d355dd3.pdf
18:37:22 INFO    67/463 contractor-who-committed-1-7-million-in-pandemic-fraud-sentenced-to-3-years-in-prison_a377556b97a3.pdf
18:37:22 INFO    68/463 couple-charged-in-covid-19-fraud-scheme_6f0dad03deda.pdf
18:37:30 INFO    69/463 crestwood-man-sentenced-to-over-6-years-in-federal-prison-for-narcotics-related-offenses_45337a909712.pdf
18:37:32 INFO    70/463 criminal-divisions-fraud-section-announces-historic-year-of-accomplishments_d3f4010e530c.pdf
18:37:32 INFO    71/463 cuban-national-convicted-of-unlawfully-obtaining-us-citizenship-after-concealing-healthcare-fraud-scheme_c56db951a700.pdf
18:37:32 INFO    72/463 d-c-dentist-and-hygienist-found-guilty-in-scheme-to-defraud-d-c-medicaid-of-4-million_361d95716ed8.pdf
18:37:35 INFO    73/463 dallas-laboratory-owners-and-investors-pay-24m-to-resolve-covid-19-testing-fraud-allegations_b8b2b759aaba.pdf
18:37:38 INFO    74/463 delafield-man-sentenced-to-18-months-imprisonment-for-conspiracy-to-pay-healthcare-kickbacks_767e75b119db.pdf
18:37:45 INFO    75/463 dish-wireless-llc-to-pay-more-than-17m-to-resolve-false-claims-act-and-administrative-allegations-related-to-f_1db11dc78062.pdf
18:37:47 INFO    76/463 district-of-arizona-announces-charges-involving-over-1-2-billion-in-false-or-fraudulent-claims-as-part-of-nati_6c78fb8d1258.pdf
18:37:49 INFO    77/463 doctor-convicted-at-trial-for-defrauding-irs-and-health-care-insurers_f01bc137f6a0.pdf
18:37:49 INFO    78/463 doj-and-seattle-based-fidalab-llc-settle-allegations-it-inflated-bills-to-government-health-care-programs_0ef248f451fd.pdf
18:37:49 INFO    79/463 dominican-national-pleads-guilty-to-federal-fraud-charges_ad0deedfa03d.pdf
18:37:52 INFO    80/463 dominican-national-pleads-guilty-to-illegal-reentry-misuse-of-social-security-number-and-benefits-fraud_1ff1e8f9d0f5.pdf
18:37:54 INFO    81/463 dominican-national-sentenced-for-fraudulently-obtaining-social-security-benefits-and-medicare-coverage-using-s_74c310a91704.pdf
18:37:56 INFO    82/463 dominican-nationals-sentenced-in-federal-benefits-fraud-cases_ad9ec9cbac53.pdf
18:38:03 INFO    83/463 dozens-charged-with-health-care-fraud-in-federal-and-state-cases-involving-5-76-million-in-billings-to-pennsyl_1f16e6dd9499.pdf
18:38:03 INFO    84/463 eastern-district-of-louisiana-u-s-attorneys-office-collects-over-900-000-000-in-civil-and-criminal-actions-in-_1aacd0a5d593.pdf
18:38:03 INFO    85/463 eastern-iowa-occupational-therapist-convicted-in-drug-tampering-scheme_b1e6549703e6.pdf
18:38:03 INFO    86/463 edmond-doctor-pays-110-000-to-settle-civil-penalty-claims-stemming-from-allegations-of-controlled-substance-re_852ea460011d.pdf
18:38:06 INFO    87/463 el-paso-doctor-enters-200-000-settlement-following-state-and-federal-fraud-allegations_654b07ced668.pdf
18:38:10 INFO    88/463 eye-practice-and-physician-owner-agree-to-pay-415-000-to-resolve-allegations-of-false-claims-to-medicare_17789be6ef6a.pdf
18:38:13 INFO    89/463 eyepoint-pharmaceuticals-to-pay-4-6-million-to-resolve-false-claims-act-allegations_1697ff41092f.pdf
18:38:13 INFO    90/463 false-claims-act-settlements-and-judgments-exceed-6-8b-in-fiscal-year-2025_cebb971256d3.pdf
18:38:18 INFO    91/463 fayetteville-resident-charged-in-nearly-1-million-pandemic-relief-scam_192898100b84.pdf
18:38:23 INFO    92/463 federal-charges-announced-in-multi-million-dollar-medicaid-fraud-scheme-and-prescription-drug-diversion-conspi_268d961ec0f4.pdf
18:38:23 INFO    93/463 federal-charges-filed-in-two-separate-cases-involving-non-emergent-medical-transportation-fraud_932339a35daf.pdf
18:38:27 INFO    94/463 federal-grand-jury-returns-indictments-in-significant-tax-fraud-cases_e28f6941df5c.pdf
18:38:30 INFO    95/463 federal-health-care-fraud-takedown-targets-455-defendants-and-6-5-billion-in-false-claims_e570b3d8e9ce.pdf
18:38:30 INFO    96/463 federal-jury-convicts-three-women-for-conspiracy-to-commit-wire-fraud-related-to-rocky-hill-pharmacy_c8f5aa74b456.pdf
18:38:33 INFO    97/463 federal-jury-finds-memphis-physician-guilty-of-adulterated-and-misbranded-medical-devices-and-health-care-frau_cb6901037dd4.pdf
18:38:33 INFO    98/463 federal-jury-finds-mother-and-daughter-guilty-of-medicare-fraud-scheme-and-payment-of-illegal-kickbacks_a16e1e957dd7.pdf
18:38:33 INFO    99/463 felon-indicted-in-multimillion-dollar-healthcare-kickback-and-false-documents-conspiracy_143c0a761476.pdf
18:38:42 INFO    100/463 first-assistant-united-states-attorney-sarcone-announces-ten-capital-region-actions-five-arrests-and-civil-set_6ade711bea2e.pdf
18:38:43 INFO    101/463 five-ophthalmology-practices-agree-to-pay-nearly-6m-to-resolve-allegations-of-fraudulent-claims-to-medicare-an_cf7146fee55c.pdf
18:38:43 INFO    102/463 florida-doctor-pleads-guilty-to-making-false-statements-in-connection-with-multi-million-dollar-health-care-fr_6082285e3dd7.pdf
18:38:43 INFO    103/463 florida-laboratory-agrees-to-pay-9-8m-to-resolve-false-claims-act-liability-relating-to-self-disclosure-of-com_7cee312e2e3c.pdf
18:38:46 INFO    104/463 florida-laboratory-owner-pleads-guilty-to-52m-medicare-fraud-scheme-involving-genetic-tests_44aef75826ba.pdf
18:38:47 INFO    105/463 florida-laboratory-owner-pleads-guilty-to-52m-medicare-fraud-scheme-involving-genetic-tests_5cc27f3c42a3.pdf
18:38:52 INFO    106/463 florida-man-pleads-guilty-in-health-care-fraud-and-kickback-scheme-involving-foot-baths_ad1ed0ba3175.pdf
18:38:52 INFO    107/463 florida-man-pleads-guilty-to-conspiracy-to-violate-the-anti-kickback-statute_1f93fb3d8181.pdf
18:38:52 INFO    108/463 florida-man-sentenced-to-36-months-in-prison_876ad8c4e760.pdf
18:38:53 INFO    109/463 florida-man-sentenced-to-five-years-for-orchestrating-multimillion-dollar-medicare-billing-fraud-scheme_3edbc6d00fb7.pdf
18:38:59 INFO    110/463 florida-nursing-assistant-convicted-in-11-4m-health-care-fraud-scheme-targeting-medicare-beneficiaries_eb77882ea78b.pdf
18:39:02 INFO    111/463 florida-nursing-assistant-sentenced-to-nine-years-in-prison-for-11-4m-health-care-fraud-scheme-targeting-medic_d67f1e3bec18.pdf
18:39:02 INFO    112/463 foreign-national-charged-with-orchestrating-health-care-fraud-scheme-targeting-medicare-advantage-programs_9eebafb20aa2.pdf
18:39:02 INFO    113/463 foreign-national-indicted-in-multimillion-dollar-healthcare-fraud-conspiracy_c64ce385d9ff.pdf
18:39:07 INFO    114/463 former-albuquerque-dentist-ordered-to-pay-320-000-for-violating-controlled-substances-and-false-claims-acts_0e45acf60a49.pdf
18:39:07 INFO    115/463 former-anesthesiology-resident-sentenced-for-stealing-and-using-narcotic-pain-medicine-while-on-duty_7ad1f7c94743.pdf
18:39:08 INFO    116/463 former-board-chairman-and-executive-director-of-healthcare-non-profit-indicted-for-embezzlement-bribery-and-ki_78ade68e85ec.pdf
18:39:10 INFO    117/463 former-brookline-doctor-convicted-of-health-care-fraud-and-tax-fraud_f47e7a66d99f.pdf
18:39:17 INFO    118/463 former-brookline-doctor-sentenced-to-more-than-four-years-in-prison-for-health-care-fraud-and-tax-fraud_351fa39b04c1.pdf
18:39:17 INFO    119/463 former-brooklyn-bank-manager-sentenced-to-prison-for-laundering-proceeds-of-medicare-fraud-for-transnational-c_b496ff326a83.pdf
18:39:17 INFO    120/463 former-delaware-physician-to-pay-180-000-to-resolve-allegations-of-genetic-testing-fraud_03ae166bb7b4.pdf
18:39:19 INFO    121/463 former-department-of-justice-prosecutor-and-dallas-defense-attorney-sentenced-for-unauthorized-disposal-of-gov_40e128d34a93.pdf
18:39:20 INFO    122/463 former-doctor-sentenced-for-stealing-identity-to-apply-for-medical-jobs_4b39938c702a.pdf
18:39:25 INFO    123/463 former-exthera-medical-corporation-executive-admits-to-concealing-patient-deaths-from-fda-and-company-enters-d_eb1c3eafa9fe.pdf
18:39:25 INFO    124/463 former-greenville-ceo-employees-indicted-in-multi-million-dollar-health-care-fraud-scheme_869b1cde5617.pdf
18:39:25 INFO    125/463 former-medicaid-provider-sentenced-to-federal-prison-for-health-care-fraud-and-aggravated-identity-theft_dfefe1defce4.pdf
18:39:27 INFO    126/463 former-mercer-county-pharmacist-sentenced-to-120-months-imprisonment-after-convictions-for-illegally-distribut_347034e7acc9.pdf
18:39:35 INFO    127/463 former-n-charleston-councilmen-co-conspirators-sentenced-in-public-corruption-scheme_1f33f8705c3a.pdf
18:39:35 INFO    128/463 former-new-york-national-sales-director-sentenced-to-three-years-in-prison-for-kickback-scheme_08dc3c6cd6e6.pdf
18:39:35 INFO    129/463 former-nfl-player-and-laboratory-owner-convicted-in-328m-genetic-testing-fraud-scheme_d9f8b8c2526e.pdf
18:39:39 INFO    130/463 former-nfl-player-convicted-for-197m-medicare-fraud_0bec9edc169a.pdf
18:39:42 INFO    131/463 former-nfl-player-sentenced-to-over-16-years-in-prison-for-197m-medicare-fraud_56992c42852b.pdf
18:39:42 INFO    132/463 former-nurse-sentenced-for-drug-diversion-from-boston-area-hospital_42bfd2385775.pdf
18:39:42 INFO    133/463 former-pharmacy-president-sentenced-to-24-months-in-prison-for-health-care-fraud-and-kickback-scheme-involving_1deb8d8cb8fa.pdf
18:39:50 INFO    134/463 former-primary-health-network-facilities-manager-sentenced-to-2-5-years-in-prison-for-role-in-defrauding-non-p_f5299c0c0b40.pdf
18:39:54 INFO    135/463 former-sober-home-owner-and-operator-sentenced-for-kickback-conspiracy-and-health-care-fraud_d360d4832b94.pdf
18:39:54 INFO    136/463 former-st-louis-area-pediatrician-sentenced-to-20-years-in-prison-for-exchanging-prescriptions-for-sex-acts_4d9605f55023.pdf
18:39:54 INFO    137/463 former-teacher-pleads-guilty-in-51-million-medicare-fraud-scheme-in-national-fraud-enforcement-division-prosec_34fdc8f48021.pdf
18:39:59 INFO    138/463 former-western-new-york-man-sentenced-for-lying-while-testifying-during-his-fraud-trial_cb2e07ae59e1.pdf
18:40:05 INFO    139/463 former-zynex-inc-executives-charged-with-health-care-and-securities-fraud-and-related-offenses_5aa18f5dfdf2.pdf
18:40:05 INFO    140/463 founder-and-former-ceo-of-new-jersey-based-eye-care-group-charged-with-health-care-fraud-conspiracy-and-paying_1c40b5d155ec.pdf
18:40:05 INFO    141/463 founders-owners-of-hertel-amp-brown-physical-and-aquatic-therapy-each-sentenced-to-six-years-in-prison-and-fin_64fbba9292f4.pdf
18:40:11 INFO    142/463 four-charged-in-nebraska-as-part-of-national-health-care-fraud-takedown_c3727a4f6af8.pdf
18:40:16 INFO    143/463 four-charged-in-new-hampshire-as-part-of-national-health-care-fraud-takedown_1c53a7abc0c1.pdf
18:40:16 INFO    144/463 four-hudson-county-pharmacies-pay-4-3-million-to-resolve-false-claims-act-allegations-of-billing-for-drugs-not_cd9465001f8d.pdf
18:40:16 INFO    145/463 four-men-plead-guilty-to-2m-minnesota-medicaid-fraud_3f63f0770815.pdf
18:40:32 INFO    146/463 fraud-division-announces-federalstate-partnership-in-ohio-to-prosecute-fraud_c6d76e2a3445.pdf
18:40:32 INFO    147/463 fraud-division-announces-massive-crackdown-for-second-straight-week-over-1-billion-in-nationwide-fraud-enforce_469462797ab5.pdf
18:40:32 INFO    148/463 fraud-division-resolves-fraud-investigation-of-eye-care-group-under-new-corporate-enforcement-policy-health-ca_65b54049bfec.pdf
18:40:32 INFO    149/463 fraud-tourists-plead-guilty-to-minneapolis-medicaid-fraud_044a9a9aca61.pdf
18:40:32 INFO    150/463 gastroenterology-practice-agrees-to-pay-4-75m-to-settle-allegations-of-kickbacks-and-unnecessary-medical-testi_65998a8854ac.pdf
18:40:32 INFO    151/463 georgia-chiropractor-convicted-of-healthcare-fraud_7828f03054a6.pdf
18:40:33 INFO    152/463 georgian-citizen-sentenced-to-over-three-years-in-prison-for-international-money-laundering-conspiracy_65cd760e92d9.pdf
18:40:37 INFO    153/463 global-veterinary-drug-distributor-agrees-to-100-000-settlement_399ca6d47624.pdf
18:40:37 INFO    154/463 gordonsville-physician-indicted-on-health-care-fraud-and-controlled-substance-charges_246d6d20df41.pdf
18:40:42 INFO    155/463 greer-man-sentenced-to-federal-prison-for-wire-fraud-money-laundering-related-to-cares-act-fraud_3e0d487f4656.pdf
18:40:42 INFO    156/463 guilford-county-woman-pleads-guilty-to-health-care-fraud-in-connection-with-million-dollar-urine-drug-testing-_4d26533ec46d.pdf
18:40:50 INFO    157/463 health-care-executive-pleads-guilty-to-kickback-scheme-in-vermont_ba8df50cda9d.pdf
18:40:56 INFO    158/463 health-care-fraud-takedown-results-in-10-socal-defendants-federally-charged-with-defrauding-public-health-plan_ebe312572ac1.pdf
18:40:56 INFO    159/463 health-care-management-corporation-agrees-to-pay-4-million-to-resolve-false-claims-act-allegations_d4aec68c9897.pdf
18:40:56 INFO    160/463 healthcare-executive-and-telemarketing-company-owner-sentenced-to-prison-for-exploiting-elderly-medicare-advan_093f3f00295b.pdf
18:40:56 INFO    161/463 healthcare-executives-guilty-in-multimillion-dollar-healthcare-fraud-conspiracy_2ee3c2f6e36b.pdf
18:41:00 INFO    162/463 healthcare-worker-at-detention-facilities-pleads-guilty-to-fraud_de118e227c11.pdf
18:41:00 INFO    163/463 highland-physician-sentenced-to-97-months-in-prison_ea135f0032c3.pdf
18:41:01 INFO    164/463 home-health-care-operator-admits-defrauding-missouri-medicaid_3a443eafa6e2.pdf
18:41:02 INFO    165/463 home-health-care-operator-sentenced-for-defrauding-missouri-medicaid_01d34517791b.pdf
18:41:06 INFO    166/463 houston-resident-sentenced-to-decade-in-prison-for-laundering-proceeds-from-40-million-fraud-scheme_df1843e46920.pdf
18:41:07 INFO    167/463 houston-transplant-doctor-indicted-for-making-false-statements-in-patients-medical-records_03249c808807.pdf
18:41:08 INFO    168/463 huntington-park-medical-practice-and-doctor-to-pay-more-than-6-7-million-to-settle-allegations-of-billing-medi_230614693815.pdf
18:41:10 INFO    169/463 illegal-alien-guilty-in-decades-long-identity-theft-scheme_b15b2db656cf.pdf
18:41:19 INFO    170/463 illegal-alien-pleads-guilty-to-benefit-fraud-and-identity-theft-offenses_2dd166615a73.pdf
18:41:19 INFO    171/463 illegal-alien-previously-convicted-of-drug-offenses-charged-with-healthcare-benefit-fraud-and-aggravated-ident_222783b884f9.pdf
18:41:19 INFO    172/463 illegal-alien-previously-convicted-of-drug-trafficking-charged-with-healthcare-benefit-fraud-and-aggravated-id_93ec7cd27609.pdf
18:41:19 INFO    173/463 illegal-alien-sentenced-for-role-in-decades-long-identity-theft-scheme_129087107fb3.pdf
18:41:19 INFO    174/463 illinois-doctor-agrees-to-pay-62-500-for-signing-false-orders-in-durable-medical-equipment-scheme_a2c40c3e8312.pdf
18:41:23 INFO    175/463 illinois-man-sentenced-to-15-months-in-prison-for-failing-to-pay-employment-taxes_72cd2477b25f.pdf
18:41:24 INFO    176/463 illinois-man-sentenced-to-two-years-in-prison-for-durable-medical-equipment-scheme_ced1a110e521.pdf
18:41:40 INFO    177/463 in-one-week-dojs-new-fraud-division-secures-300m-in-funding-for-prosecutorial-support-while-announcing-more-in_a008daa4516b.pdf
18:41:44 INFO    178/463 in-one-week-national-fraud-enforcement-division-announces-more-arrests-convictions-and-sentences-representing-_1c349c3cc8cd.pdf
18:41:44 INFO    179/463 indian-national-sentenced-for-conspiring-to-sell-counterfeit-cancer-drug_d60e02e9c351.pdf
18:41:44 INFO    180/463 indiana-woman-sentenced-to-84-months-in-prison_fccf63b0786c.pdf
18:41:44 INFO    181/463 iowa-paramedic-sentenced-to-years-in-federal-prison-for-tampering-with-vials-of-narcotic-pain-medication_85da1d772247.pdf
18:41:44 INFO    182/463 jacksonville-chiropractor-sentenced-to-a-year-in-prison-for-healthcare-fraud-and-related-offenses_d9b8b50f9bc5.pdf
18:41:48 INFO    183/463 jacksonville-marketing-company-owner-pleads-guilty-to-conspiring-to-defraud-medicare-and-medicaid-in-the-provi_2dc655e6f683.pdf
18:41:49 INFO    184/463 journey-to-hope-health-and-healing-and-former-ceo-agree-to-pay-10-2-million-to-resolve-false-claims-allegation_723d6b536545.pdf
18:41:51 INFO    185/463 jury-convicts-unknown-man-for-using-identity-of-deceased-child-for-25-years-to-obtain-nearly-300-000-in-govern_2bbd2bdbc1ec.pdf
18:42:01 INFO    186/463 justice-department-charges-11-illegal-aliens-among-15-in-1-4m-benefit-fraud-crackdown-in-massachusetts_1c09be85e06f.pdf
18:42:01 INFO    187/463 justice-department-files-false-claims-act-complaint-against-priority-hospital-group-and-three-long-term-care-h_e85fee3c6ba7.pdf
18:42:01 INFO    188/463 justice-department-moves-to-revoke-u-s-citizenship-from-10-naturalized-criminals-including-child-molesters-sca_9e542970ec75.pdf
18:42:04 INFO    189/463 justice-department-moves-to-strip-u-s-citizenship-from-17-naturalized-sex-offenders-fraudsters-drug-dealers-an_ca6847ad665c.pdf
18:42:22 INFO    190/463 justice-department-prosecutes-a-half-billion-dollars-in-healthcare-and-covid-fraud-schemes-exploiting-taxpayer_b85536930c72.pdf
18:42:22 INFO    191/463 justice-department-secures-landmark-resolution-to-end-pediatric-gender-affirming-care-and-create-detransition-_827f65771d87.pdf
18:42:22 INFO    192/463 justice-department-secures-the-denaturalization-of-convicted-gun-trafficker-and-health-care-fraudster-and-file_1a7edbce277f.pdf
18:42:24 INFO    193/463 justice-departments-fraud-division-announces-unprecedented-fraud-enforcement-actions-in-southeast-resulting-fr_641ce824f7db.pdf
18:42:24 INFO    194/463 kaiser-permanente-affiliates-pay-556m-to-resolve-false-claims-act-allegations_896e2f042b65.pdf
18:42:25 INFO    195/463 kansas-city-woman-pleads-guilty-to-covid-19-fraud_796ac1383e91.pdf
18:42:26 INFO    196/463 kansas-doctor-sentenced-to-3-years-in-prison-for-8-million-medicare-fraud_e758c862745b.pdf
18:42:34 INFO    197/463 kansas-woman-sentenced-to-prison-for-stealing-deceased-relatives-identity-to-fraudulently-receive-federal-and-_94341a8d241f.pdf
18:42:36 INFO    198/463 kent-washington-woman-sentenced-to-prison-for-defrauding-va-programs-designed-to-help-severely-disabled-vetera_7a562db4caa1.pdf
18:42:36 INFO    199/463 kinston-woman-sentenced-to-6-years-in-federal-prison-and-ordered-to-repay-over-15-million-in-restitution-for-h_afbb3c762c89.pdf
18:42:36 INFO    200/463 labcorp-agrees-to-pay-14-5-million-for-testing-fraud_911032bcc5da.pdf
18:42:41 INFO    201/463 labcorp-agrees-to-pay-14-5m-to-resolve-false-claims-act-allegations_8819b6b991ac.pdf
18:42:41 INFO    202/463 laboratory-agrees-to-pay-more-than-200-000-for-improper-billing-to-west-virginia-medicaid-program_128e02ea5f7f.pdf
18:42:46 INFO    203/463 laboratory-executives-marketers-and-physician-to-pay-over-2m-to-settle-allegations-of-illegal-kickbacks-to-doc_8fb6736032c7.pdf
18:42:46 INFO    204/463 lancaster-medical-llc-agrees-to-pay-500-000-to-resolve-allegations-related-to-paycheck-protection-program-elig_3c49a8b4966e.pdf
18:42:46 INFO    205/463 lancaster-trio-sentenced-for-health-care-fraud-conspiracy_626647b219da.pdf
18:42:49 INFO    206/463 larchmont-woman-sentenced-to-nearly-3-years-in-federal-prison-for-her-role-in-hospice-and-diagnostic-testing-f_efc6e42f8226.pdf
18:42:54 INFO    207/463 last-defendant-in-primary-health-network-fraud-scheme-convicted-by-jury-for-wire-fraud_c0cdbc574f71.pdf
18:42:54 INFO    208/463 latham-taxi-operators-and-employees-charged-in-660-000-medicaid-fraud-and-kickback-scheme_95ceda1ad7a2.pdf
18:42:58 INFO    209/463 lexington-man-convicted-of-conspiracies-to-commit-healthcare-fraud-and-violate-the-anti-kickback-statute-at-so_3f41f3a5c7bd.pdf
18:42:58 INFO    210/463 local-home-healthcare-company-owner-admits-over-200-000-fraud_62eeef80cf7e.pdf
18:43:06 INFO    211/463 local-physician-sentenced-to-1-year-imprisonment-a-60-000-fine-and-restitution-of-349-272-79-for-adulterating-_f730769106c4.pdf
18:43:06 INFO    212/463 long-island-medical-doctor-sentenced-to-7-years-in-prison-for-operating-oxycodone-pill-mill-out-of-her-great-n_5c8a8ef534dc.pdf
18:43:06 INFO    213/463 louisiana-company-settles-matter-alleging-receipt-of-improper-cares-act-loans-for-over-2-9-million_84c9891a7987.pdf
18:43:07 INFO    214/463 macomb-county-resident-sentenced-for-multi-million-dollar-pandemic-assistance-fraud-scheme_fb5218ee2eed.pdf
18:43:08 INFO    215/463 manufacturing-company-settles-paycheck-protection-program-loan-fraud-allegations-for-2-9-million_f9656402b305.pdf
18:43:16 INFO    216/463 marrero-woman-guilty-of-tax-fraud-and-ppp-fraud_bd59d319440e.pdf
18:43:16 INFO    217/463 maryland-man-convicted-of-defrauding-private-jet-customers-for-15m_86a39ff658e7.pdf
18:43:17 INFO    218/463 maryland-man-sentenced-to-more-than-5-years-in-federal-prison-for-leading-scheme-in-which-doctors-were-imperso_da1ec8f47e47.pdf
18:43:20 INFO    219/463 maryland-man-who-conspired-with-doctor-to-illegally-distribute-promethazine-codeine-and-other-controlled-subst_1dd6586d37bf.pdf
18:43:22 INFO    220/463 maryland-oncology-practice-agrees-to-pay-more-than-1-4m-to-resolve-false-claims-act-allegations-of-fraudulent-_2fc46fea6d10.pdf
18:43:22 INFO    221/463 massachusetts-couple-sentenced-to-prison-for-importing-misbranded-drugs-from-china-and-selling-them-to-custome_8f092ea531ec.pdf
18:43:23 INFO    222/463 massachusetts-man-charged-in-5-million-medicare-fraud-scheme-as-part-of-national-health-care-fraud-takedown_754871d426e0.pdf
18:43:26 INFO    223/463 massachusetts-ophthalmology-practice-to-pay-nearly-4-million-to-resolve-false-claims-act-allegations_0845d8109ac1.pdf
18:43:32 INFO    224/463 matrix-healthfair-and-healthfair-founder-agree-to-pay-56-5-million-to-resolve-false-claims-act-allegations_c4e0c718c901.pdf
18:43:32 INFO    225/463 matrix-healthfair-and-healthfair-founder-agree-to-pay-56-5m-to-resolve-false-claims-act-allegations_049adb5c2f8f.pdf
18:43:32 INFO    226/463 mcleansville-woman-charged-with-health-care-fraud-part-of-national-health-care-fraud-takedown_56b59aec7f04.pdf
18:43:35 INFO    227/463 med-spa-owner-pleads-guilty-to-performing-illegal-injections-using-unapproved-prescription-drugs_c2c9e41b6792.pdf
18:43:36 INFO    228/463 med-spa-owner-pleads-guilty-to-performing-thousands-of-injections-using-counterfeit-products_6ecd631c3569.pdf
18:43:36 INFO    229/463 medicaid-service-providers-sentenced-for-false-statements-resulting-in-overbilling_a8025858e40a.pdf
18:43:39 INFO    230/463 medical-device-company-to-pay-over-550-000-to-resolve-false-claims-act-allegations_d57723331ad8.pdf
18:43:47 INFO    231/463 medical-supply-company-owner-convicted-of-30m-medicare-fraud-scheme_2e64c3beab0f.pdf
18:43:47 INFO    232/463 medicare-advantage-provider-complete-health-to-pay-14-100-000-to-settle-false-claims-act-suit_50ed81b789f1.pdf
18:43:48 INFO    233/463 members-of-tacoma-street-gang-are-indicted-for-drug-and-gun-trafficking_6c6f220fa029.pdf
18:43:48 INFO    234/463 memphis-gynecologist-sentenced-to-20-years-in-prison-for-adulterating-medical-devices-and-health-care-fraud_0d309b3f8137.pdf
18:43:50 INFO    235/463 mesa-residents-sentenced-to-prison-for-fraud-targeting-ahcccs_cdcdf72dd490.pdf
18:43:51 INFO    236/463 metro-detroit-surgeon-was-sentenced-to-a-year-in-prison-in-7-million-dollar-medicare-fraud-scheme_fe359433f089.pdf
18:43:58 INFO    237/463 mexican-man-sentenced-to-14-years-in-federal-prison-for-leading-a-6-85m-healthcare-fraud-scheme_b761e43f96d5.pdf
18:43:58 INFO    238/463 michigan-home-health-care-agency-owner-convicted-of-1-6m-medicare-fraud-scheme-and-kickback-conspiracy_aa10bdfe096a.pdf
18:44:05 INFO    239/463 mid-year-report-u-s-attorneys-office-in-chicago-dramatically-increases-federal-violent-crime-and-other-prosecu_ed899afabc9f.pdf
18:44:05 INFO    240/463 middletown-man-pleads-guilty-to-operating-unlawful-money-transmitting-business_d6616573c575.pdf
18:44:06 INFO    241/463 milwaukee-county-man-sentenced-to-18-months-in-federal-prison-for-wire-fraud-involving-government-benefit-prog_956ab492a5af.pdf
18:44:07 INFO    242/463 milwaukee-fraudster-sentenced-to-11-years-in-federal-prison_609043cd92eb.pdf
18:44:15 INFO    243/463 minnesota-health-care-fraud-takedown-results-in-charges-against-15-defendants-for-over-90m-in-fraud_d171e53c06d1.pdf
18:44:15 INFO    244/463 mississippi-man-ordered-to-pay-31-million-for-role-in-healthcare-kickback-scheme_c90f1b5ee15a.pdf
18:44:15 INFO    245/463 mobile-pet-scan-provider-to-pay-8-33-million-to-resolve-allegations-of-false-claims-act-violations-based-on-un_0d7ce7ae6893.pdf
18:44:15 INFO    246/463 mother-daughter-duo-charged-in-9-5-million-medicare-fraud-scheme-part-of-national-healthcare-fraud-takedown_8276ef54f146.pdf
18:44:18 INFO    247/463 mother-sentenced-to-17-years-in-federal-prison-for-fraud-scheme-involving-quadriplegic-son_e708bd838f8d.pdf
18:44:28 INFO    248/463 multi-million-dollar-prescription-fraud-scheme-results-in-prison-sentence-for-three-east-tennesseans_4096eca396e3.pdf
18:44:28 INFO    249/463 multicare-health-system-to-pay-millions-to-settle-fraud-case_d952a6c38a43.pdf
18:44:36 INFO    250/463 national-fraud-enforcement-divisions-healthcare-fraud-unit-secures-six-trial-convictions-involving-over-1-1-bi_7206b11bd803.pdf
18:44:39 INFO    251/463 national-health-care-fraud-enforcement-action-results-in-455-defendants-charged-and-over-6-5-billion-in-intend_d850e3cd24c9.pdf
18:44:39 INFO    252/463 national-health-care-fraud-takedown-leads-to-forty-one-count-indictment-of-pensacola-beach-man_224c8e3f52bc.pdf
18:44:52 INFO    253/463 national-health-care-fraud-takedown-results-in-455-defendants-charged-in-connection-with-over-6-5-billion-in-a_b9aeab97917c.pdf
18:45:04 INFO    254/463 national-health-care-fraud-takedown-results-in-455-defendants-charged-in-connection-with-over-6-5-billion-in-a_ffc7d8299d36.pdf
18:45:04 INFO    255/463 national-health-care-fraud-takedown-results-in-455-defendants-charged-in-fraud-scheme-totaling-over-6-5-billio_384ff16615aa.pdf
18:45:04 INFO    256/463 national-partnership-of-insurance-brokers-and-its-former-subsidiary-agree-to-pay-over-135-million-for-affordab_43bedf3c8ffb.pdf
18:45:05 INFO    257/463 ndok-announces-charges-related-to-the-2026-national-health-care-fraud-takedown_643e228d6870.pdf
18:45:05 INFO    258/463 nevada-man-indicted-for-smuggling-and-selling-misbranded-erectile-dysfunction-and-prescription-drugs_35fdc6c8dcf1.pdf
18:45:05 INFO    259/463 nevada-man-pleads-guilty-to-rigging-bids-for-healthcare-related-and-other-air-force-projects_d5143caa185a.pdf
18:45:12 INFO    260/463 new-federal-prosecutor-targets-social-security-other-government-frauds_ca3f445cb7ce.pdf
18:45:12 INFO    261/463 new-jersey-couple-pleads-guilty-to-illegally-moving-60-million-to-latin-america_e4dc93506842.pdf
18:45:12 INFO    262/463 new-jersey-doctor-charged-in-58-count-indictment-with-distributing-opioids-in-exchange-for-sexual-favors-and-d_d47de3552886.pdf
18:45:16 INFO    263/463 new-jersey-man-sentenced-to-48-months-in-prison-for-role-in-multi-state-prescription-fraud-ring_075fda114464.pdf
18:45:16 INFO    264/463 new-jersey-pharmacy-owner-sentenced-to-24-months-in-prison-for-health-care-fraud-scheme_78dbc715ba16.pdf
18:45:16 INFO    265/463 new-jersey-physical-therapist-sentenced-to-12-months-in-prison-for-health-care-fraud-scheme-targeting-amtrak_a8bba2dd4d93.pdf
18:45:19 INFO    266/463 new-mexico-woman-pleads-guilty-to-4m-medicaid-fraud_1e33cbaab11d.pdf
18:45:23 INFO    267/463 new-river-couple-convicted-of-12-million-ahcccs-fraud-scheme_818384fa3399.pdf
18:45:24 INFO    268/463 new-river-couple-sentenced-for-12-million-ahcccs-fraud-scheme_d8c2c2fd8cf2.pdf
18:45:27 INFO    269/463 new-york-business-owner-sentenced-to-prison-for-using-shell-companies-to-launder-health-care-fraud-proceeds-fo_6c468376cdf6.pdf
18:45:27 INFO    270/463 new-york-city-man-charged-with-theft-of-government-property_0f7de20b18f4.pdf
18:45:29 INFO    271/463 new-york-city-woman-pleads-guilty-for-role-in-multi-state-prescription-fraud-ring_d5f71c08a3cb.pdf
18:45:31 INFO    272/463 new-york-man-sentenced-to-14-months-in-prison-for-kickback-scheme_b65e21376daa.pdf
18:45:33 INFO    273/463 new-york-man-sentenced-to-eight-months-in-prison-for-kickback-scheme_5bd3d1d77ca9.pdf
18:45:36 INFO    274/463 new-york-physical-therapist-admits-participating-in-health-care-fraud-scheme-targeting-amtrak_b0d38ca1673d.pdf
18:45:36 INFO    275/463 new-york-physician-pleads-guilty-to-multimillion-dollar-covid-19-insurance-fraud-scheme_3ad8d10c2884.pdf
18:45:43 INFO    276/463 nine-charged-in-benefit-fraud-crackdown_69add70fcab0.pdf
18:45:49 INFO    277/463 nine-charged-in-sdtx-as-part-of-national-health-care-fraud-takedown_b87d84bab5b2.pdf
18:45:49 INFO    278/463 no-one-is-above-the-lawflorida-mother-daughter-duo-sentenced-and-ordered-to-pay-over-800k-for-fraud-scheme_62e2467de019.pdf
18:45:49 INFO    279/463 non-profit-executive-convicted-of-theft-of-federal-funds_2f59fa297465.pdf
18:45:52 INFO    280/463 non-profit-executive-sentenced-to-three-years-of-probation-for-theft-of-federal-funds_79da1d791cea.pdf
18:45:52 INFO    281/463 nonprofit-health-care-provider-agrees-to-pay-750-000-to-resolve-false-claims-act-allegations-involving-misbran_9fdd3b6908a4.pdf
18:46:06 INFO    282/463 northern-district-of-texas-charges-13-health-care-fraudsters-for-loss-over-360-million_d4d0fafd6594.pdf
18:46:06 INFO    283/463 northern-district-of-west-virginia-part-of-national-health-care-fraud-takedown-resulting-in-455-defendants-cha_bfafc5c10e9f.pdf
18:46:06 INFO    284/463 nurse-practitioner-convicted-for-illegal-distribution-of-controlled-substances_ec350307368e.pdf
18:46:06 INFO    285/463 nurse-practitioner-sentenced-to-87-months-in-prison-for-12m-medicare-fraud_4e060d0d4399.pdf
18:46:06 INFO    286/463 o-c-medical-scan-provider-agrees-to-pay-8-3-million-to-resolve-false-claims-allegations-it-unlawfully-paid-doc_36e972bc8b7d.pdf
18:46:06 INFO    287/463 oakland-county-lab-agrees-to-settle-false-claims-act-allegations-for-6-494-290-00_16b42b5d4b92.pdf
18:46:09 INFO    288/463 oakland-county-sleep-specialists-agree-to-pay-763-954-74-to-settle-false-claims-act-allegations_1af920aefafc.pdf
18:46:09 INFO    289/463 oasis-acupuncture-llc-and-its-owner-agree-to-pay-100-000-to-settle-false-claims-act-liability_5a15ea518e2b.pdf
18:46:09 INFO    290/463 ob-gyn-physician-agrees-to-pay-507-500-to-resolve-false-claims-act-allegations-connected-to-fraudulent-prescri_89012522e14c.pdf
18:46:14 INFO    291/463 oglethorpe-inc-and-top-executives-agree-to-pay-32m-to-resolve-false-claims-act-allegations_285cf5d05574.pdf
18:46:14 INFO    292/463 ohio-couple-sentenced-for-arson-in-profit-scheme-to-fraudulently-collect-millions-in-insurance-payouts_ebd8be1846fe.pdf
18:46:14 INFO    293/463 ohio-doctor-sentenced-to-prison-for-14m-healthcare-fraud-scheme_e0c25a6555f7.pdf
18:46:14 INFO    294/463 oklahoma-city-woman-sentenced-to-federal-prison-for-1-1-million-health-care-fraud-scheme_4de3d594bd7f.pdf
18:46:21 INFO    295/463 oklahoma-medical-supply-company-owner-indicted-for-30m-health-care-fraud-scheme_12b3ec49102d.pdf
18:46:29 INFO    296/463 one-sentenced-one-convicted-for-conspiring-with-annandale-based-doctor-to-illegally-distribute-promethazine-co_9ae149464eb9.pdf
18:46:29 INFO    297/463 operators-of-day-treatment-program-for-children-agree-to-15-2-million-civil-judgment-to-resolve-medicaid-fraud_c8a54def9aa9.pdf
18:46:29 INFO    298/463 opioid-manufacturer-purdue-pharma-sentenced-for-fraud-and-kickback-conspiracies_65ea608fa266.pdf
18:46:34 INFO    299/463 orange-county-judge-agrees-to-plead-guilty-to-knowingly-paying-convicted-doctor-to-work-on-workers-comp-cases-_4f77088c9a21.pdf
18:46:34 INFO    300/463 orange-county-man-pleads-guilty-to-orchestrating-fraud-scheme-that-submitted-nearly-270-million-in-bogus-claim_870f63097bc5.pdf
18:46:34 INFO    301/463 oregon-mother-and-daughter-facing-new-charges-related-to-forced-labor-and-health-care-fraud_af45689776ae.pdf
18:46:43 INFO    302/463 orlando-man-sentenced-to-prison-for-construction-payroll-scheme-that-defrauded-the-irs-and-workers-compensatio_027fd22cde25.pdf
18:46:50 INFO    303/463 over-12-million-medicaid-fraud-scheme-leads-to-14-years-of-prison-for-substance-abuse-facility-owner-complianc_263936a6f12d.pdf
18:46:50 INFO    304/463 owner-and-operations-manager-of-wholesale-drug-distributor-admit-conspiring-to-divert-nearly-50m-of-cancer-med_b8f8f1ff4211.pdf
18:46:50 INFO    305/463 owner-of-chicago-area-convenience-stores-sentenced-to-four-years-in-prison-for-defrauding-low-income-food-prog_5b6986c0af3c.pdf
18:46:50 INFO    306/463 owner-of-defunct-prenatal-care-coordination-company-sentenced-to-111-months-imprisonment-for-healthcare-fraud-_e966a3ac35e9.pdf
18:46:50 INFO    307/463 owner-of-durable-medical-equipment-company-sentenced-for-59m-medicare-fraud_ac8b2034a037.pdf
18:46:57 INFO    308/463 owner-of-health-care-software-company-convicted-of-1-billion-dollar-medicare-fraud-conspiracy_d81a5ba4f8db.pdf
18:46:57 INFO    309/463 owner-of-long-island-ambulette-services-company-sentenced-to-prison-for-multimillion-dollar-healthcare-fraud-s_8a03b59d8867.pdf
18:47:00 INFO    310/463 owner-of-now-closed-milwaukee-prenatal-care-coordination-company-sentenced-to-121-months-imprisonment-for-heal_2bd95b5afa7d.pdf
18:47:03 INFO    311/463 owner-of-now-closed-milwaukee-prenatal-care-coordination-company-sentenced-to-60-months-imprisonment-for-healt_95d710f85d32.pdf
18:47:05 INFO    312/463 owners-and-ceo-of-wholesale-pharmaceutical-company-sentenced-for-distributing-more-than-92m-of-black-market-hi_832a15c3f5c3.pdf
18:47:05 INFO    313/463 pa-lifesharing-lcc-agrees-to-pay-1-2m-to-settle-false-claims-act-allegations_e99ba825a877.pdf
18:47:18 INFO    314/463 pain-clinic-owner-sentenced-l5-medical-holdings-to-pay-nearly-5-million-in-restitution_3a48694c4db0.pdf
18:47:18 INFO    315/463 pair-plead-guilty-to-conspiring-with-annandale-based-doctor-to-illegally-distributing-oxycodone-and-other-cont_a05f0d1df1fe.pdf
18:47:18 INFO    316/463 pakistani-national-residing-in-southern-california-charged-with-fraudulently-billing-medicare-plans_465357d6d682.pdf
18:47:18 INFO    317/463 paterson-doctor-sentenced-to-87-months-in-prison-for-conspiracy-to-distribute-opioids_e164247a3722.pdf
18:47:21 INFO    318/463 pennsylvania-brothers-convicted-of-decades-long-racketeering-conspiracy_b92cfa8c0f52.pdf
18:47:21 INFO    319/463 pensacola-pharmacist-and-conspirator-charged-with-illegal-drug-diversion-conspiracy_77e289e01071.pdf
18:47:23 INFO    320/463 pharmacist-and-business-owner-pleads-guilty-to-3m-medicare-medicaid-and-private-insurer-fraud-scheme_12247ded671a.pdf
18:47:25 INFO    321/463 pharmacist-sentenced-to-30-months-in-prison-for-role-in-2m-health-care-fraud-scheme_6bfa98cc9f78.pdf
18:47:26 INFO    322/463 pharmacy-technician-pleads-guilty-to-5-6m-health-care-fraud-scheme-and-illegal-distribution-of-oxycodone_2dd73012540c.pdf
18:47:30 INFO    323/463 pharmacy-technician-pleads-guilty-to-5-6m-health-care-fraud-scheme-and-illegal-distribution-of-oxycodone_769b314b4068.pdf
18:47:31 INFO    324/463 philadelphia-in-home-care-services-provider-agrees-to-pay-1-million-to-resolve-allegations-of-false-claims-act_08acfb6ec1b7.pdf
18:47:34 INFO    325/463 pittsfield-man-indicted-for-health-care-fraud-false-statements-and-aggravated-identity-theft_02f04d361b42.pdf
18:47:34 INFO    326/463 podiatrist-and-pharmaceutical-sales-representative-sentenced-in-3-2-million-healthcare-fraud-conspiracy-involv_26a8fdaa42e0.pdf
18:47:43 INFO    327/463 president-of-insurance-brokerage-firm-and-ceo-of-marketing-company-sentenced-in-233m-affordable-care-act-enrol_66a5a503beb8.pdf
18:47:43 INFO    328/463 prison-time-for-healthcare-employees-in-multimillion-dollar-adult-daycare-fraud-scheme_fd24ec731878.pdf
18:47:45 INFO    329/463 psychiatrist-reaches-civil-settlement-of-360-000-to-resolve-allegations-of-false-claims-to-federal-health-care_fbda3924ebe9.pdf
18:47:45 INFO    330/463 puerto-rico-pharmacies-agree-to-pay-4-6-million-to-federal-authorities-in-medicare-and-medicaid-fraud-cases_a1e9701c95fc.pdf
18:47:51 INFO    331/463 queens-home-care-agency-and-home-health-aide-training-center-to-pay-2-3-million-to-settle-claims-that-they-def_3e5bcfb7e565.pdf
18:47:51 INFO    332/463 queens-pharmacy-owner-sentenced-to-63-months-in-prison-for-money-laundering-scheme_1d80ac29e848.pdf
18:47:51 INFO    333/463 queens-pharmacy-owner-sentenced-to-over-five-years-in-prison-for-money-laundering-scheme_5841e1750045.pdf
18:47:56 INFO    334/463 raleigh-man-pleads-guilty-to-receiving-more-than-60-million-in-fraudulent-claims-from-paying-kickbacks-for-pat_16487ef25257.pdf
18:48:02 INFO    335/463 repeat-health-care-fraud-offender-sentenced-for-defrauding-new-hampshire-medicaid_cba17d6f5d41.pdf
18:48:02 INFO    336/463 restaurateur-charged-in-multimillion-dollar-insurance-fraud-scheme-and-money-laundering-conspiracy_4d258c459bc1.pdf
18:48:02 INFO    337/463 rheumatologist-agrees-to-resolve-false-claims-act-allegations-related-to-unapproved-drugs_5ab3f34c05ae.pdf
18:48:04 INFO    338/463 rhode-island-department-of-human-services-supervisor-pleads-guilty-in-scheme-to-defraud-supplemental-nutrition_097d2c4d79ea.pdf
18:48:04 INFO    339/463 rochester-man-sentenced-for-defrauding-medicare_a292b3e07c5b.pdf
18:48:10 INFO    340/463 romanian-man-guilty-of-card-skimming-conspiracy_4cf869e03af6.pdf
18:48:10 INFO    341/463 russian-citizen-charged-with-laundering-over-1-2m-connected-to-400m-in-fraudulent-medicare-claims_e1743ca69035.pdf
18:48:10 INFO    342/463 san-francisco-company-agrees-to-pay-over-three-million-dollars-to-resolve-allegations-that-they-submitted-fals_355d116ef014.pdf
18:48:10 INFO    343/463 sarasota-lab-agrees-to-pay-980-000-to-resolve-false-claims-act-violations_2a5a73367a27.pdf
18:48:14 INFO    344/463 sarcone-leads-revival-of-ndny-health-care-fraud-task-force_0b5392ba1f8e.pdf
18:48:22 INFO    345/463 savani-group-owners-and-associate-convicted-of-racketeering-conspiracy_707d80d9d948.pdf
18:48:22 INFO    346/463 scammer-pharmacist-guilty-in-20-million-healthcare-kickback-scheme_e9988946af56.pdf
18:48:22 INFO    347/463 scranton-heart-institute-agrees-to-pay-48-709-20-to-settle-false-claims-act-allegations_36fd60874f30.pdf
18:48:29 INFO    348/463 sdtx-recovers-nearly-150-million-for-victims-and-the-american-taxpayer-in-2025_5344ec3bd741.pdf
18:48:29 INFO    349/463 sea-box-inc-agrees-to-pay-2-6-million-to-settle-claims-it-used-foreign-flagged-vessels-to-transport-shipping-c_dd4dfb7944c1.pdf
18:48:29 INFO    350/463 settlement-for-1-7-million-with-former-physician-don-j-wagoner-and-his-business-entity-for-fraudulently-billin_ef2f67b37b5d.pdf
18:48:31 INFO    351/463 seven-people-sentenced-to-prison-for-their-roles-in-31m-coupon-fraud-scheme_de22ee8c349c.pdf
18:48:35 INFO    352/463 shelby-township-resident-sentenced-for-multi-million-dollar-pandemic-assistance-fraud-scheme_ab8f7fb406a5.pdf
18:48:35 INFO    353/463 six-individuals-including-a-pharmacist-and-doctor-charged-in-connection-with-20-million-healthcare-fraud-and-k_39e07790a74f.pdf
18:48:37 INFO    354/463 six-sentenced-in-healthcare-fraud-conspiracy-that-stole-10-million-from-medicaid-over-six-year-period_b6c124cc19a9.pdf
18:48:38 INFO    355/463 slidell-chiropractor-sentenced-for-health-care-fraud_837ea66f4976.pdf
18:48:42 INFO    356/463 slidell-doctor-sentenced-for-6-6-million-in-health-care-fraud_81f5e2f5095f.pdf
18:48:47 INFO    357/463 south-carolina-laboratory-pleads-guilty-and-agrees-to-pay-at-least-6-8m-to-settle-allegations-of-kickbacks-to-_b3b8e46ccd98.pdf
18:48:47 INFO    358/463 south-carolina-man-and-coal-mine-owner-sentenced-for-tax-fraud_81705c071355.pdf
18:48:49 INFO    359/463 south-dakota-man-pleads-guilty-to-aggravated-identity-theft-and-obtaining-drugs-by-fraud_67cccd4e82ad.pdf
18:48:50 INFO    360/463 south-texas-doctors-agree-to-pay-nearly-5-million-to-settle-false-claims-act-liability_cd0a36898e34.pdf
18:48:54 INFO    361/463 southern-district-of-iowa-announces-cases-related-to-the-2026-national-health-care-fraud-takedown_9ebdc0673c6a.pdf
18:48:54 INFO    362/463 st-louis-county-home-healthcare-company-owner-associates-accused-of-1-46-million-fraud_b7fd6865df0e.pdf
18:48:56 INFO    363/463 st-margarets-center-pays-1-3-million-under-the-false-claims-act_b4d98b818391.pdf
18:49:00 INFO    364/463 stern-therapy-consultants-agrees-to-pay-315-000-to-settle-allegations-of-causing-false-claims-to-medicare_c13603bbf15f.pdf
18:49:01 INFO    365/463 suburban-chicago-chiropractor-convicted-of-healthcare-fraud_75dcf626805a.pdf
18:49:04 INFO    366/463 suspected-dominican-national-charged-with-possession-with-intent-to-distribute-fentanyl-analog-healthcare-bene_7bfccc0caf82.pdf
18:49:04 INFO    367/463 syracuse-area-man-pleads-guilty-to-operating-kickback-scheme-involving-medicare-and-medicaid_aea3ecd530fd.pdf
18:49:06 INFO    368/463 takeda-agrees-to-pay-13-6m-to-resolve-false-claims-allegations-relating-to-improper-payments-to-physicians_5de8d8cb4cfe.pdf
18:49:07 INFO    369/463 takeda-pharmaceuticals-agrees-to-pay-13-6-million-to-resolve-false-claims-allegations-relating-to-improper-pay_55835c94acc3.pdf
18:49:10 INFO    370/463 team-rehab-physical-therapy-agrees-to-pay-nearly-5-million-to-resolve-false-claims-act-allegations-related-to-_46bc0eba1110.pdf
18:49:13 INFO    371/463 telemedicine-company-owner-pleads-guilty-to-46m-medicare-fraud-scheme_a500b00aa9e2.pdf
18:49:13 INFO    372/463 telemedicine-company-owner-sentenced-to-7-years-in-prison-for-56m-medicare-fraud-scheme_7e9d68868ccc.pdf
18:49:15 INFO    373/463 texas-doctor-charged-with-illegally-distributing-millions-of-opioid-pills_88d5929d9592.pdf
18:49:17 INFO    374/463 texas-doctor-sentenced-to-8-5-years-in-prison-for-145-million-health-care-fraud-scheme_0ff0b0a73598.pdf
18:49:21 INFO    375/463 texas-fugitive-apprehended-and-sentenced-to-over-12-years-in-prison-for-61m-telemarketing-fraud-scheme-targeti_c761942da601.pdf
18:49:21 INFO    376/463 texas-laboratory-former-ceo-and-florida-businessman-pay-36-4-million-to-settle-health-care-fraud-allegations_5337818d64d8.pdf
18:49:24 INFO    377/463 texas-laboratory-former-ceo-and-florida-businessman-pay-a-total-of-36-4m-to-settle-allegations-of-kickbacks-an_8fcb171a2b84.pdf
18:49:27 INFO    378/463 the-district-of-new-hampshire-and-the-new-england-strike-force-charges-money-laundering-operation-tied-to-near_03ecd1db66ab.pdf
18:49:40 INFO    379/463 the-fraud-division-announces-enforcement-actions-from-across-the-country-representing-nearly-1-billion-in-frau_dd8c559b09ca.pdf
18:49:40 INFO    380/463 the-fraud-division-launches-west-coast-strike-force-to-target-health-care-fraud-schemes-across-arizona-nevada-_e1ca1238cb6c.pdf
18:49:40 INFO    381/463 the-senate-confirms-brian-d-miller-as-united-states-attorney-for-the-middle-district-of-pennsylvania_bb6d3f3762d7.pdf
18:49:42 INFO    382/463 this-week-in-fraud-dojs-new-fraud-division-announces-numerous-fraud-enforcement-actions-and-a-new-strike-force_2bf2d6768a4b.pdf
18:49:42 INFO    383/463 this-week-in-fraud-the-fraud-division-announced-expansion-of-midwest-task-force-and-authorization-to-hire-15-n_5b5363e95768.pdf
18:49:45 INFO    384/463 three-affiliated-skilled-nursing-facilities-to-pay-300-000-to-resolve-false-claims-act-allegations-related-to-_16994f6ebac6.pdf
18:49:47 INFO    385/463 three-former-employees-of-the-psychiatric-institute-of-washington-indicted-for-criminal-negligence-in-the-deat_df81744eabab.pdf
18:49:51 INFO    386/463 three-members-of-international-criminal-organization-sentenced-to-lengthy-prison-sentences-in-2-billion-teleme_4593958e233e.pdf
18:49:54 INFO    387/463 three-members-of-international-criminal-organization-sentenced-to-lengthy-sentences-in-2-billion-telemedicine-_134eb1777f96.pdf
18:49:58 INFO    388/463 three-sentenced-to-prison-for-laundering-medicare-fraud-proceeds_86a3123f703c.pdf
18:50:07 INFO    389/463 three-sentenced-to-prison-for-laundering-medicare-fraud-proceeds_cc8b4a8ad9a4.pdf
18:50:07 INFO    390/463 traditions-health-agrees-to-pay-34m-to-resolve-false-claims-act-liability-relating-to-home-health-services-fol_8801c4f3369c.pdf
18:50:07 INFO    391/463 tri-area-community-health-agrees-to-pay-513-000-to-resolve-medicare-billing-allegations_a05690f9e71d.pdf
18:50:07 INFO    392/463 trinity-hospital-agrees-to-pay-1-7m-to-resolve-alleged-stark-law-violations_552281cd9c90.pdf
18:50:07 INFO    393/463 two-additional-ophthalmology-practices-agree-to-pay-2-3m-to-resolve-allegations-of-fraudulent-claims-to-medica_092d81a63097.pdf
18:50:08 INFO    394/463 two-charged-in-multi-year-conspiracy-to-buy-and-sell-stolen-medicare-beneficiary-information-from-major-south-_744cb7b0d228.pdf
18:50:11 INFO    395/463 two-charged-in-the-district-of-oregon-as-part-of-the-national-health-care-fraud-takedown_cb952f35d646.pdf
18:50:15 INFO    396/463 two-civil-complaints-filed-in-the-southern-district-of-mississippi-as-part-of-national-health-care-fraud-taked_956cbe681b6c.pdf
18:50:15 INFO    397/463 two-corinth-pharmacists-sentenced-for-conspiracy-to-commit-healthcare-fraud_dd1d68245bbb.pdf
18:50:16 INFO    398/463 two-defendants-charged-with-multi-million-dollar-health-care-fraud-scheme_63c18aa201fd.pdf
18:50:19 INFO    399/463 two-foreign-nationals-indicted-in-chicago-as-part-of-10-million-health-care-fraud-scheme_1b88eec07cd8.pdf
18:50:23 INFO    400/463 two-foreign-nationals-indicted-in-chicago-as-part-of-10m-health-care-fraud-scheme_81be99704a45.pdf
18:50:28 INFO    401/463 two-georgia-men-charged-in-national-health-care-fraud-takedown_d6158d117d4a.pdf
18:50:28 INFO    402/463 two-healthcare-executives-convicted-for-exploiting-elderly-medicare-advantage-beneficiaries-in-34-million-frau_5a8c59ee5a57.pdf
18:50:28 INFO    403/463 two-home-health-providers-agree-to-pay-702-541-to-resolve-self-referral-allegations_9ef0bd636963.pdf
18:50:30 INFO    404/463 two-individuals-plead-guilty-to-68-million-fraud-scheme-at-brooklyn-based-adult-day-cares-and-home-health-care_bc8bc0b2df76.pdf
18:50:30 INFO    405/463 two-individuals-plead-guilty-to-68m-adult-day-care-fraud-scheme_446faf1fbb3e.pdf
18:50:34 INFO    406/463 two-men-sentenced-to-prison-for-identity-theft-and-fraud-conspiracy_4757c3c3c5b2.pdf
18:50:36 INFO    407/463 two-pittsburgh-convenience-store-employees-charged-with-food-stamp-trafficking-as-part-of-nationwide-health-ca_b4107e6ffc8b.pdf
18:50:38 INFO    408/463 two-queens-men-charged-with-120m-adult-day-care-and-pharmacy-fraud-on-medicare-and-medicaid_4cbff32e9f5a.pdf
18:50:42 INFO    409/463 two-sentenced-to-prison-for-522m-genetic-testing-fraud-and-illegal-kickback-scheme-targeting-medicare-and-medi_b05f845d659c.pdf
18:50:51 INFO    410/463 u-s-attorney-039-s-office-announces-15-arrests-for-benefit-fraud_6654f0dbee77.pdf
18:50:51 INFO    411/463 u-s-attorney-039-s-office-entered-settlements-exceeding-900-million-and-collected-over-70-million-in-civil-and_01c225a7f49f.pdf
18:50:51 INFO    412/463 u-s-attorney-039-s-office-for-the-district-of-new-mexico-weekly-immigration-and-border-crimes-report_8516caa66f4e.pdf
18:50:51 INFO    413/463 u-s-attorney-039-s-office-reaches-300-000-false-claims-act-settlement-with-clarksville-clinic-over-allegations_015cf27dbd49.pdf
18:50:51 INFO    414/463 u-s-attorney-announces-2-2-million-settlement-with-urologists-for-submitting-false-claims-to-medicare_8a930f560b9d.pdf
18:51:01 INFO    415/463 u-s-attorney-announces-additional-enforcement-action-as-part-of-national-effort-to-combat-electrical-stimulati_54dd1c93f126.pdf
18:51:01 INFO    416/463 u-s-attorney-joseph-nocella-jr-announces-new-leadership-for-the-offices-long-island-division-and-criminal-sect_26dc90eaae28.pdf
18:51:02 INFO    417/463 u-s-attorney-leah-b-foley-announces-fraud-coordinators-and-benefit-amp-voter-fraud-team_a9b348ad0bcd.pdf
18:51:02 INFO    418/463 u-s-attorney-moore-capito-announces-fraud-conspiracy-charges-against-sober-living-home-founder-and-spouse_69a9a3ca911a.pdf
18:51:02 INFO    419/463 u-s-attorney-robert-frazer-announces-appointment-of-joyce-m-malliet-as-first-assistant-u-s-attorney_35a8524dd59b.pdf
18:51:06 INFO    420/463 u-s-attorneys-office-and-south-dakota-attorney-generals-office-hold-joint-press-conference-on-combating-govern_80dfc43110aa.pdf
18:51:10 INFO    421/463 u-s-attorneys-office-announces-charges-against-three-defendants-in-the-eastern-district-of-virginia-as-part-of_917793c253d5.pdf
18:51:12 INFO    422/463 u-s-attorneys-office-collected-16-million-in-civil-and-criminal-actions-in-fiscal-year-2025_acc8d0f3d759.pdf
18:51:12 INFO    423/463 u-s-attorneys-office-collects-nearly-200-million-in-criminal-and-civil-actions-in-fiscal-year-2025_3a5c3fb78099.pdf
18:51:15 INFO    424/463 u-s-attorneys-office-collects-over-10-million-in-fiscal-year-2025_83d198a1cf38.pdf
18:51:19 INFO    425/463 u-s-attorneys-office-collects-over-33m-in-fiscal-year-2025_4db793f648fc.pdf
18:51:37 INFO    426/463 u-s-attorneys-office-for-the-middle-district-of-florida-charges-defendants-as-part-of-national-health-care-fra_8749761785d3.pdf
18:51:37 INFO    427/463 u-s-attorneys-office-hosts-health-care-fraud-consortium-workshop-with-federal-partners_05c3cefa2621.pdf
18:51:37 INFO    428/463 u-s-attorneys-office-reports-more-than-4-3m-in-criminal-and-civil-collections-for-january-march_24caf34e06c3.pdf
18:51:37 INFO    429/463 u-s-attorneys-office-seeks-potential-victims-in-case-against-columbia-missouri-doctor_f0102093677f.pdf
18:51:37 INFO    430/463 union-leaders-convicted-of-racketeering-fraud-and-embezzlement-of-union-dues_4490dc3b0689.pdf
18:51:37 INFO    431/463 united-states-announces-36-5-million-settlement-of-medicare-fraud-lawsuit-against-matrix-medical-network_ac178e68c035.pdf
18:51:37 INFO    432/463 united-states-attorney-andrew-s-boutros-announces-charges-against-two-chicago-area-defendants-as-part-of-depar_f63845ad32a0.pdf
18:51:37 INFO    433/463 united-states-attorney-charles-c-calenda-announces-leadership-team_afdcb8a7985c.pdf
18:51:38 INFO    434/463 united-states-attorney-for-the-middle-district-of-pennsylvania-reappointed-to-continue-as-the-united-states-at_99fa68c8abe7.pdf
18:51:47 INFO    435/463 united-states-attorneys-office-collects-8-601-498-in-civil-and-criminal-actions-in-fiscal-year-2025_830a4ec1c289.pdf
18:51:49 INFO    436/463 united-states-attorneys-office-collects-more-than-68-000-000-in-2025-based-on-fraud-waste-and-abuse_da83f191bda2.pdf
18:51:49 INFO    437/463 united-states-attorneys-office-for-the-northern-district-of-west-virginia-hits-quarter-billion-dollar-mileston_426db1c06741.pdf
18:51:49 INFO    438/463 united-states-files-civil-complaint-against-new-mexico-psychologist-alleging-improper-prescribing-of-controlle_4bf502cb7c61.pdf
18:51:52 INFO    439/463 united-states-files-suit-against-naples-immunologist-for-false-and-fraudulent-claims-in-connection-with-subcut_fd02e96ac255.pdf
18:51:55 INFO    440/463 united-states-obtains-3-4m-in-a-false-claims-act-judgment-against-nebraska-pharmacist_f1e84513fc26.pdf
18:51:55 INFO    441/463 united-states-reaches-4-17-million-civil-settlement-and-three-year-compliance-agreement-with-west-virginia-uni_ed1136a45f76.pdf
18:51:55 INFO    442/463 united-states-seizes-more-than-2-million-from-pasadena-based-advanced-wound-care-clinic-accused-of-medicare-fr_0a0504d5adec.pdf
18:52:00 INFO    443/463 united-states-sues-illinois-doctor-for-fraudulent-billing-in-durable-medical-equipment-scheme_2063eb57db2a.pdf
18:52:05 INFO    444/463 utah-doctor-and-two-nurses-charged-with-health-care-fraud-after-submitting-false-claims-to-medicare-and-receiv_86139159d90a.pdf
18:52:05 INFO    445/463 vascular-practice-and-physician-agree-to-pay-more-than-6-73m-to-settle-false-claims-act-allegations-of-unneces_0b6d40a40768.pdf
18:52:06 INFO    446/463 veloxis-pharmaceuticals-agrees-to-pay-46-million-to-resolve-criminal-and-civil-liability-for-kickback-scheme_60375c4cf369.pdf
18:52:12 INFO    447/463 veloxis-pharmaceuticals-agrees-to-pay-over-46m-to-resolve-criminal-and-civil-liability-for-kickback-schemes_3db1a04c29b4.pdf
18:52:12 INFO    448/463 vermilion-county-business-owner-sentenced-to-jail-for-tax-fraud_cac8484a1d27.pdf
18:52:12 INFO    449/463 victim-advisory-divine-youth-case-updates_a85cbe4ebc41.pdf
18:52:14 INFO    450/463 warren-county-physician-and-nurse-practitioner-pay-500-000-to-resolve-unlawful-opioid-prescribing-and-fraudule_ec2a8f9a2db6.pdf
18:52:19 INFO    451/463 watertown-pharmaceutical-company-to-pay-nearly-4-7-million-to-resolve-false-claims-act-allegations_76d83011d251.pdf
18:52:19 INFO    452/463 waukesha-medical-equipment-company-agrees-to-pay-nearly-7-million-to-resolve-allegations-of-false-billings-to-_5f42db0cafac.pdf
18:52:24 INFO    453/463 western-district-of-missouri-recognizes-world-elder-abuse-awareness-day_b8aacefb06d2.pdf
18:52:26 INFO    454/463 western-district-of-oklahoma-cases-filed-as-part-of-national-health-care-fraud-takedown_61f4c8ffed1b.pdf
18:52:26 INFO    455/463 westfield-woman-pleads-guilty-to-defrauding-elderly-victim-of-more-than-500-000_4b922660cd5d.pdf
18:52:30 INFO    456/463 wmata-train-operator-sentenced-in-four-year-scheme-to-defraud-aflac-insurance-of-more-than-360-000_424b7ee50f0f.pdf
18:52:36 INFO    457/463 wmata-train-operators-plead-guilty-in-health-care-fraud-scheme_2c107e1ad202.pdf
18:52:36 INFO    458/463 woman-pleads-guilty-to-nearly-1-million-hearing-aid-fraud-scheme_2475fabc1fc5.pdf
18:52:36 INFO    459/463 woman-who-posed-as-licensed-registered-nurse-sentenced-to-75-months-in-prison_50fbb72bb593.pdf
18:52:36 INFO    460/463 worcester-pharmacy-agrees-to-pay-750-000-to-resolve-false-claims-act-allegations_6b8e821614fc.pdf
18:52:39 INFO    461/463 yadkinville-woman-sentenced-in-connection-with-multi-million-dollar-medicaid-fraud-scheme_8f83817d3a43.pdf
18:52:44 INFO    462/463 year-in-review-u-s-attorneys-office-in-chicago-cracked-down-on-crime-while-implementing-significant-new-polici_c2afca83a606.pdf
18:52:51 INFO    463/463 zynex-inc-agrees-to-criminal-resolution-addressing-claims-of-millions-of-dollars-of-health-care-fraud-securiti_f32b86b8c3fb.pdf
18:52:51 INFO    extracted 463 documents in 18.3 min
18:55:35 INFO    ------------------------------------------------------------
18:55:35 INFO    463/463 documents extracted
18:55:35 INFO    -> /Users/max-imac/MaxWork/AgentWork/Download_FraudCases/extracted/DOJ_2026/cases.csv
18:55:35 INFO    -> /Users/max-imac/MaxWork/AgentWork/Download_FraudCases/extracted/DOJ_2026/cases.json
18:55:35 INFO    -> /Users/max-imac/MaxWork/AgentWork/Download_FraudCases/extracted/DOJ_2026/patterns.md
