21:39:42 INFO    extracting 679 case documents from downloaded/DOJ_2025 (effort=medium)
21:39:42 INFO    output -> /Users/max-imac/MaxWork/AgentWork/Download_FraudCases/extracted/DOJ_2025
21:39:51 INFO    1/679 11-defendants-indicted-in-multi-billion-health-care-fraud-scheme-the-largest-case-by-loss-amount-ever-charged-_ec7a233deffb.pdf
21:39:51 INFO    2/679 2025-year-in-review_70abefa5cbdb.pdf
21:39:51 INFO    3/679 8-charged-in-north-charleston-public-corruption-schemes-including-3-city-councilmen_0eea8c743549.pdf
21:39:51 INFO    4/679 a-leader-of-notorious-philadelphia-10th-and-o-crew-sentenced-to-six-years-for-opioid-drug-conspiracy_93107af09ef5.pdf
21:39:51 INFO    5/679 acting-u-s-attorney-announces-5-million-false-claims-act-settlement-with-providers-of-programs-for-adults-with_0528d9bb4cf3.pdf
21:39:51 INFO    6/679 acting-united-states-attorney-fondren-announces-federal-indictment-against-gynecologist-for-sexually-abusing-p_2605d3593af0.pdf
21:39:51 INFO    7/679 addiction-treatment-center-supervisor-sentenced-in-scheme-to-defraud-federal-state-and-private-health-care-ins_b5af4625582b.pdf
21:39:51 INFO    8/679 adult-residential-group-homes-operator-settles-healthcare-fraud-claims_3a684b2e6be0.pdf
21:39:51 INFO    9/679 aesculap-implant-systems-agrees-to-pay-38-5-million-to-resolve-false-claims-act-allegations-related-to-knee-im_c1e4cdf18dd0.pdf
21:39:51 INFO    10/679 aesculap-implant-systems-agrees-to-pay-38-5m-to-resolve-false-claims-act-allegations-related-to-knee-implant-f_97daec5b24b8.pdf
21:39:51 INFO    11/679 agendia-inc-knoxville-comprehensive-breast-center-pllc-and-knoxville-dermatopathology-laboratory-llc-agree-to-_c08a958a4e84.pdf
21:39:51 INFO    12/679 aiken-man-pleads-guilty-to-conspiracy-to-commit-bank-fraud_147e4618eb54.pdf
21:39:51 INFO    13/679 aiken-men-sentenced-to-federal-prison-for-defrauding-elderly-woman-in-will-scheme_76c62a6b60ca.pdf
21:39:51 INFO    14/679 alabama-doctor-charged-with-6-million-telemedicine-health-care-fraud-scheme_cbaef0d83924.pdf
21:39:51 INFO    15/679 alabama-doctor-pleads-guilty-to-6-million-telemedicine-health-care-fraud-scheme_8435d6b83c17.pdf
21:39:51 INFO    16/679 alexandria-man-pleads-guilty-to-defrauding-pandemic-relief-programs-of-nearly-1-5m_a027f4b0829f.pdf
21:39:51 INFO    17/679 allentown-area-pharmacy-and-its-owner-agree-to-pay-825-000-to-resolve-allegations-of-false-claims-act-liabilit_1b8e12cac283.pdf
21:39:51 INFO    18/679 ambulance-company-and-its-owners-agree-to-pay-900-000-to-settle-false-claims-act-allegations-of-medically-unne_7b2bc7fbbe62.pdf
21:39:51 INFO    19/679 amidst-the-government-shutdown-the-united-states-attorneys-office-continues-efforts-to-combat-waste-fraud-and-_f39af0eba083.pdf
21:39:51 INFO    20/679 amtrak-employee-admits-participating-in-11-million-health-care-fraud-scheme_96ecb08e7c8a.pdf
21:39:51 INFO    21/679 amtrak-employee-admits-participating-in-11-million-health-care-fraud-scheme_973374cd4843.pdf
21:39:51 INFO    22/679 amtrak-employees-admit-participating-in-11-million-health-care-fraud-scheme_38635bd0ddff.pdf
21:39:51 INFO    23/679 anchorage-doctor-and-husband-plead-guilty-to-multi-million-dollar-health-care-tax-fraud-schemes_5e8b319abfb0.pdf
21:39:51 INFO    24/679 anesthesiology-service-provider-pays-almost-1m-to-settle-false-claims-act-liability_6beec7b2de63.pdf
21:39:51 INFO    25/679 aprn-and-medical-practice-to-pay-over-600k-and-cease-connecticut-medicaid-participation-to-settle-false-claims_cd475168d62d.pdf
21:39:51 INFO    26/679 arizona-ceo-indicted-for-embezzling-over-2-4m-from-employee-benefit-plans_02fa277dde9b.pdf
21:39:51 INFO    27/679 arizona-ceo-sentenced-to-14-years-in-prison-for-embezzling-33-million-dollars-from-tribal-healthcare-provider_987eb6402c35.pdf
21:39:51 INFO    28/679 arizona-couple-pleads-guilty-to-1-2b-health-care-fraud_39b114a8f69b.pdf
21:39:51 INFO    29/679 arizona-couple-that-ran-medical-clinic-business-plead-guilty-to-conspiracy-to-commit-fraud-and-to-violate-the-_154da187919f.pdf
21:39:51 INFO    30/679 army-veteran-sentenced-to-federal-prison-for-over-three-quarter-million-dollar-benefit-fraud_0612f9b146d4.pdf
21:39:51 INFO    31/679 ashland-city-doctor-sentenced-to-3-years-for-conspiracy-to-commit-health-care-fraud_2f479d57ccab.pdf
21:39:51 INFO    32/679 athira-pharma-inc-agrees-to-pay-4m-to-settle-false-claims-act-allegations-related-to-scientific-research-misco_242b2d810165.pdf
21:39:51 INFO    33/679 attorney-general-pamela-bondi-appoints-michael-digiacomo-as-u-s-attorney_dfb30bfab340.pdf
21:39:51 INFO    34/679 austin-emergency-center-and-affiliates-to-pay-429-231-to-settle-civil-false-claims-act-allegations_957108fe3044.pdf
21:39:51 INFO    35/679 austin-pain-management-doctor-and-pain-medicine-practice-to-pay-13-625-000-to-settle-civil-false-claims-act-al_b38853c294d5.pdf
21:39:51 INFO    36/679 baltimore-county-woman-admits-to-impersonating-nurses-pleads-guilty-to-aggravated-identity-theft_14875c339041.pdf
21:39:51 INFO    37/679 baltimore-county-woman-sentenced-for-impersonating-nurses-and-aggravated-identity-theft_9587142cc629.pdf
21:39:51 INFO    38/679 baltimore-man-pleads-guilty-in-connection-with-murder-for-hire-plot_d26cd8e50550.pdf
21:39:51 INFO    39/679 baton-rouge-man-falsely-holding-himself-as-a-medical-doctor-pleads-guilty-to-false-statements-relating-to-heal_6ff70b4a3c07.pdf
21:39:51 INFO    40/679 beckley-medical-clinic-and-physician-agree-to-pay-152-382-70-to-resolve-false-claims-act-allegations_88a8b6df55ec.pdf
21:39:51 INFO    41/679 behavioral-healthcare-company-executive-sentenced-for-healthcare-fraud_da16e1b7f433.pdf
21:39:51 INFO    42/679 bensalem-woman-charged-in-home-care-fraud-kickback-scheme-that-caused-loss-to-medicaid-of-nearly-1-1-million_92c6d131a519.pdf
21:39:51 INFO    43/679 bergen-county-company-settles-matter-alleging-receipt-of-improper-cares-act-loans_f8db7ab06be8.pdf
21:39:51 INFO    44/679 bioreference-health-and-opko-health-agree-to-pay-704-349-to-settle-allegations-that-they-billed-the-government_c48565250c04.pdf
21:39:51 INFO    45/679 blood-test-lab-owner-pleads-guilty-to-evading-over-11-2-million-in-federal-taxes-by-using-shill-to-illegally-c_8241e8a619ac.pdf
21:39:51 INFO    46/679 bloomfield-resident-admits-role-in-opioid-distribution-conspiracy_2b3c1fad3d15.pdf
21:39:51 INFO    47/679 boerne-ceo-sentenced-to-three-years-in-federal-prison-for-tax-evasion-and-embezzlement-of-employee-health-care_ad4b4949cc54.pdf
21:39:51 INFO    48/679 bonita-man-pleads-guilty-in-5-8-million-medicare-fraud-scheme_a91e0f076136.pdf
21:39:51 INFO    49/679 bothell-biopharmaceutical-company-pays-4-million-to-resolve-allegations-it-relied-on-falsified-academic-papers_93e5baeed80d.pdf
21:39:51 INFO    50/679 brooklyn-cardiologist-sentenced-to-37-months-in-prison-in-connection-with-health-care-fraud-and-bribery-scheme_d18541776fab.pdf
21:39:51 INFO    51/679 brooklyn-woman-pleads-guilty-to-leading-a-68-million-social-adult-day-care-and-home-health-care-fraud-scheme_3cd491e471d7.pdf
21:39:51 INFO    52/679 brothers-from-india-sentenced-to-prison-for-smuggling-fake-or-contaminated-drugs-into-the-u-s_635f8d47b775.pdf
21:39:51 INFO    53/679 broward-county-man-sentenced-to-prison-for-filing-thousands-of-fraudulent-covid-19-testing-reimbursement-claim_2cf34a236b31.pdf
21:39:51 INFO    54/679 bucks-county-home-care-company-and-its-owners-and-managers-charged-in-alleged-health-care-fraud-scheme_d0fe1cc53635.pdf
21:39:51 INFO    55/679 buffalo-business-owner-sentenced-for-medicaid-fraud_02df02e8c124.pdf
21:39:51 INFO    56/679 buffalo-woman-going-to-prison-for-filing-false-tax-return_103c5ac0b6cf.pdf
21:39:51 INFO    57/679 business-owner-pleads-guilty-to-fraud-and-money-laundering-schemes_4de4ddfb8a32.pdf
21:39:51 INFO    58/679 business-owner-sentenced-to-more-than-five-years-in-prison-for-fraud-and-money-laundering-schemes_ac3c51fb1d18.pdf
21:39:51 INFO    59/679 c-r-bard-inc-and-affiliates-pay-17-million-to-resolve-allegations-of-healthcare-kickbacks_1513a95b2486.pdf
21:39:51 INFO    60/679 california-behavioral-medicine-provider-agrees-to-pay-2-75-million-to-resolve-alleged-false-claims-for-psychot_38d59283dad6.pdf
21:39:51 INFO    61/679 california-company-and-three-employees-sentenced-for-conspiring-to-sell-misbranded-n95-masks-to-hospital-in-ea_744a99b61b09.pdf
21:39:51 INFO    62/679 california-company-pleads-guilty-to-conspiring-to-sell-misbranded-n95-masks-to-hospital-in-early-months-of-cov_781e8c6dddeb.pdf
21:39:51 INFO    63/679 california-man-admits-role-in-10-million-health-care-kickback-scheme_3ec546e529c2.pdf
21:39:51 INFO    64/679 california-man-pleads-guilty-in-connection-with-16m-hospice-fraud-scheme-and-money-laundering-scheme_bb1650072027.pdf
21:39:51 INFO    65/679 california-man-pleads-guilty-in-connection-with-laundering-proceeds-of-16m-hospice-fraud-scheme_c780bab87864.pdf
21:39:51 INFO    66/679 california-man-sentenced-to-12-years-imprisonment-in-connection-with-17m-medicare-fraud-schemes_f8793f20d538.pdf
21:39:51 INFO    67/679 camden-county-company-settles-matter-alleging-receipt-of-improper-cares-act-loans_5f7dda9803cc.pdf
21:39:51 INFO    68/679 canton-man-charged-in-national-health-care-fraud-takedown_af7a787e95f5.pdf
21:39:51 INFO    69/679 canton-man-pleads-guilty-to-multi-million-dollar-health-care-fraud-scheme_3b46e92a6f59.pdf
21:39:51 INFO    70/679 canton-man-sentenced-for-multi-million-dollar-health-care-fraud-scheme_116e9499d97f.pdf
21:39:51 INFO    71/679 cape-coral-man-indicted-for-running-fraudulent-all-virtual-pain-clinic-that-dispensed-more-than-100-000-tablet_10f29bef114c.pdf
21:39:51 INFO    72/679 caregiver-who-abused-vulnerable-adult-in-his-care-gets-sentenced_bcf021e3d419.pdf
21:39:51 INFO    73/679 carson-tahoe-health-system-agrees-to-pay-over-8-8-million-to-settle-allegations-over-pandemic-related-loans_83a96b2f4bca.pdf
21:39:51 INFO    74/679 catholic-health-agrees-to-pay-nearly-3-3-million-to-resolve-alleged-false-claims-act-violations_89ba043c1548.pdf
21:39:51 INFO    75/679 centers-healthcare-pays-over-6-million-for-false-statements-on-medicare-cost-reports_3972970e14ac.pdf
21:39:51 INFO    76/679 ceo-and-medical-director-charged-in-500m-covid-19-test-billing-fraud_f0e87b209b8c.pdf
21:39:51 INFO    77/679 ceo-of-fresno-based-health-care-company-arrested-at-san-francisco-airport-for-an-alleged-7-million-scheme-to-d_042f90091993.pdf
21:39:51 INFO    78/679 ceo-of-health-care-software-company-convicted-of-1b-fraud-conspiracy_bdda1753569e.pdf
21:39:51 INFO    79/679 ceo-of-health-care-software-company-convicted-of-1b-fraud-conspiracy_cd3e8ac47c66.pdf
21:39:51 INFO    80/679 ceo-of-health-care-software-company-sentenced-for-1b-fraud-conspiracy_b3c1f5c03254.pdf
21:39:51 INFO    81/679 ceo-of-local-it-staffing-company-charged-with-tax-and-bankruptcy-fraud_bc0833b33335.pdf
21:39:51 INFO    82/679 ceo-of-spine-device-company-pleads-guilty-to-false-statements-in-connection-with-mandatory-reporting-to-cms_1e619669462c.pdf
21:39:51 INFO    83/679 ceo-of-spine-device-company-sentenced-for-false-statements-in-connection-with-mandatory-reporting-to-cms_c5abc5fb201f.pdf
21:39:51 INFO    84/679 charles-neil-floyd-appointed-interim-u-s-attorney-for-the-western-district-of-washington_c9d75b6401da.pdf
21:39:51 INFO    85/679 charlotte-clinic-owner-agrees-to-settle-allegations-of-medicaid-fraud_378d0564dbdc.pdf
21:39:51 INFO    86/679 chesapeake-hospital-indicted-for-healthcare-fraud-involving-unnecessary-surgical-procedures_364683473a23.pdf
21:39:51 INFO    87/679 chester-business-owner-sentenced-to-two-years-in-prison-for-failing-to-pay-taxes-withheld-from-employees-wages_d5fb8ae68902.pdf
21:39:51 INFO    88/679 chesterfield-doctor-sentenced-to-5-years-in-prison-for-healthcare-fraud_8c114fbfd3b1.pdf
21:39:51 INFO    89/679 cheyenne-couple-sentenced-in-fraud-case_b740ce0a37bd.pdf
21:39:51 INFO    90/679 chicago-chiropractor-sentenced-to-nearly-six-years-in-prison-for-2-1-million-healthcare-fraud_b889dfb63f0b.pdf
21:39:51 INFO    91/679 chicago-lab-owner-sentenced-to-seven-years-in-prison-in-connection-with-14-million-covid-19-testing-fraud-sche_21fe36af460f.pdf
21:39:51 INFO    92/679 chicago-lab-owner-sentenced-to-seven-years-in-prison-in-connection-with-14m-covid-19-fraud-scheme_3fa00c240cbc.pdf
21:39:51 INFO    93/679 chula-vista-man-pleads-guilty-in-51-million-medicare-fraud-scheme_9ad64e164bdf.pdf
21:39:51 INFO    94/679 clay-county-pharmacy-investigation-and-prosecution-ends-in-guilty-pleas_5751b1aa5fe7.pdf
21:39:51 INFO    95/679 clinic-owner-arrested-in-multimillion-dollar-fraud-scheme-involving-non-existent-psychotherapy-services_69dcc3c33bda.pdf
21:39:51 INFO    96/679 coeur-dalene-physician-found-guilty-in-telemarketing-medicare-fraud-conspiracy_ed1e677a36a7.pdf
21:39:51 INFO    97/679 collin-county-physician-agrees-to-pay-3-5-million-to-resolve-false-claims-act-allegations-of-billing-false-cla_fc07d8e407a1.pdf
21:39:51 INFO    98/679 colombian-national-indicted-for-assaulting-ice-deportation-officer_0f2eac570271.pdf
21:39:58 INFO    99/679 columbia-physician-pleads-guilty-to-false-statements-to-medicare_39e5713becdf.pdf
21:39:58 INFO    100/679 community-health-care-solutions-llc-and-the-estate-of-yolanda-burnom-agree-to-pay-4-6-million-in-medicaid-frau_26843aa285ba.pdf
21:39:58 INFO    101/679 companies-pay-13-million-to-resolve-false-claims-act-liability-for-allegedly-receiving-improper-paycheck-prote_02520a960d3a.pdf
21:39:58 INFO    102/679 complaint-filed-against-houston-pharmacy-and-its-owners-for-violations-of-the-controlled-substances-act_3be959d494c7.pdf
21:39:58 INFO    103/679 compliance-director-and-office-manager-of-substance-abuse-company-convicted-in-scheme-to-pay-medicaid-kickback_07f58d26a006.pdf
21:39:58 INFO    104/679 compounding-pharmacy-owner-sent-back-to-prison_59fb947183b2.pdf
21:39:58 INFO    105/679 connecticut-dentist-pays-more-than-600k-to-settle-false-claims-allegations_df4371d517f8.pdf
21:39:58 INFO    106/679 connecticut-dentists-pay-more-than-714k-to-settle-false-claims-allegations_14061c76b8bf.pdf
21:39:58 INFO    107/679 connecticut-lab-its-owners-and-officers-to-pay-more-than-1-2-million-to-settle-false-claims-act-allegations_263df8f50cc2.pdf
21:39:58 INFO    108/679 connecticut-man-sentenced-to-30-months-imprisonment-for-role-in-7-8-million-health-care-fraud-and-kickback-sch_e366fd0d60cb.pdf
21:39:58 INFO    109/679 connecticut-physiatrist-and-practice-pay-427k-to-settle-false-claims-improper-billing-allegations_ba43effde1b0.pdf
21:39:58 INFO    110/679 consulting-company-pays-more-than-450k-to-settle-overbilling-allegations_8d25630414f3.pdf
21:39:58 INFO    111/679 convicted-nurse-practitioner-to-forfeit-over-40-million-from-foreign-accounts-for-health-care-fraud-money-laun_819dfef89551.pdf
21:39:58 INFO    112/679 corporation-and-former-chief-executive-officer-plead-guilty-to-health-care-fraud-and-tax-conspiracy_3fbecaa100d9.pdf
21:39:58 INFO    113/679 corporation-and-former-chief-executive-officer-sentenced-for-health-care-fraud-and-tax-conspiracy_55d6b5e30cf1.pdf
21:39:58 INFO    114/679 correction-officers-charged-with-years-long-healthcare-fraud-scheme-following-use-of-force-incidents-on-rikers_26b99a90cf93.pdf
21:39:58 INFO    115/679 couple-charged-in-cross-border-identity-theft-and-immigration-fraud-scheme_dcfb06f4296a.pdf
21:39:58 INFO    116/679 covid-scammer-sentenced-for-defrauding-investors-with-fake-products-and-false-documents_4e3fcd04b011.pdf
21:39:58 INFO    117/679 craig-h-missakian-sworn-in-as-united-states-attorney-for-the-northern-district-of-california_2b4c283ba6b7.pdf
21:39:58 INFO    118/679 cuban-national-sentenced-to-over-five-years-in-7-6-million-medicare-fraud-scheme_97637971d4ae.pdf
21:39:58 INFO    119/679 cumberland-county-drug-and-alcohol-rehabilitation-center-agrees-to-pay-19-75-million-to-resolve-false-claims-a_3a3ca298a93a.pdf
21:39:58 INFO    120/679 cvs-pharmacy-inc-pays-18-2-million-to-resolve-alleged-false-claims-act-violations_a4e6eb56845d.pdf
21:39:58 INFO    121/679 danville-woman-pleads-guilty-to-health-care-fraud_6b9d22b590a9.pdf
21:39:58 INFO    122/679 danville-woman-sentenced-for-health-care-fraud_6da9d3ffc819.pdf
21:39:58 INFO    123/679 defendants-charged-in-first-wave-of-housing-stabilization-fraud-cases_fab78fb36568.pdf
21:39:58 INFO    124/679 defense-contractor-agrees-to-pay-628-000-to-settle-false-claims-act-allegations_7e8b7441c846.pdf
21:39:58 INFO    125/679 delaware-woman-admits-role-in-covid-19-relief-program-fraud-scheme_1f174ff9fd89.pdf
21:39:58 INFO    126/679 department-of-justice-releases-2025-annual-report-to-congress-on-efforts-to-combat-elder-fraud-and-abuse_573e45715cb6.pdf
21:39:58 INFO    127/679 department-of-justice-subpoenas-doctors-and-clinics-involved-in-performing-transgender-medical-procedures-on-c_1e09ea08753c.pdf
21:39:58 INFO    128/679 departments-of-justice-and-homeland-security-partnering-on-cross-agency-trade-fraud-task-force_45df5ac2f05e.pdf
21:39:58 INFO    129/679 dermatology-providers-agree-to-pay-nearly-850-000-to-resolve-allegations-of-false-wound-repair-claims_81868526afd5.pdf
21:39:58 INFO    130/679 diagnostic-laboratory-agrees-to-pay-more-than-1-million-to-settle-alleged-false-claims-act-violations_709c2b796670.pdf
21:39:58 INFO    131/679 diagnostic-laboratory-agrees-to-pay-more-than-9-million-to-settle-alleged-false-claims-act-violations_bfab071a06c4.pdf
21:39:58 INFO    132/679 digital-health-company-and-medical-practice-indicted-in-100m-adderall-distribution-scheme_7e0d8a04d260.pdf
21:39:58 INFO    133/679 diopsys-inc-agrees-to-pay-up-to-14-25-million-to-resolve-alleged-federal-false-claims-act-and-state-law-violat_1c51c4c810eb.pdf
21:39:58 INFO    134/679 diopsys-inc-agrees-to-pay-up-to-14-25-million-to-resolve-alleged-federal-false-claims-act-and-state-law-violat_610cc15999f3.pdf
21:39:58 INFO    135/679 director-of-mobile-medical-diagnostics-company-agrees-to-plead-guilty-to-kickback-scheme_8127232dddec.pdf
21:39:58 INFO    136/679 district-of-arizona-charges-7-defendants-as-part-of-national-health-care-fraud-takedown_af097c1976ae.pdf
21:39:58 INFO    137/679 doctor-agrees-to-pay-468-000-to-settle-civil-false-claims-act-allegations_62859062258d.pdf
21:39:58 INFO    138/679 doctor-arrested-for-multimillion-dollar-covid-19-insurance-scheme_58de3d74d6b5.pdf
21:39:58 INFO    139/679 doctor-at-l5-pain-clinic-sentenced-to-40-months-in-prison-ordered-to-pay-35-000-fine-and-200-000-in-forfeiture_d55c7a2f71e0.pdf
21:39:58 INFO    140/679 doctor-convicted-of-24m-medicare-fraud-scheme_a801b6f42288.pdf
21:39:58 INFO    141/679 doctor-indicted-for-orchestrating-45m-botox-fraud-scheme-targeting-medicare_51757bf79d07.pdf
21:39:58 INFO    142/679 doctor-jailed-for-hipaa-violations_0a6158a18bb9.pdf
21:39:58 INFO    143/679 doctor-sentenced-for-70m-medicare-fraud-scheme_8ffdd9c280f1.pdf
21:39:58 INFO    144/679 doctor-sentenced-for-health-care-fraud-and-money-laundering_334b51d8e2a4.pdf
21:39:58 INFO    145/679 doctor-sentenced-to-seven-years-in-prison-for-24m-medicare-fraud_80501109a507.pdf
21:39:58 INFO    146/679 doj-hhs-false-claims-act-working-group_d521fdd13557.pdf
21:39:58 INFO    147/679 durable-medical-equipment-owner-sentenced-to-12-years-for-61-million-medicare-fraud-scheme_57f2cb90140a.pdf
21:39:58 INFO    148/679 east-granby-woman-who-stole-in-1-1-million-pandemic-relief-program-scheme-is-sentenced_9e117fba29bd.pdf
21:39:58 INFO    149/679 eastern-district-of-louisiana-u-s-attorneys-office-collects-879-562-972-18-in-fy-2024-civil-and-criminal-actio_e986189abd0c.pdf
21:39:58 INFO    150/679 eastern-nc-man-sentenced-to-over-four-years-for-role-in-1-million-covid-fraud-scheme_227b851f8c0b.pdf
21:39:58 INFO    151/679 edinburg-doctor-and-son-guilty-in-kickback-conspiracy_b3fa298aa2b4.pdf
21:39:58 INFO    152/679 ellison-c-travis-appointed-acting-united-states-attorney-for-the-middle-district-of-louisiana_4b8a5e9780ef.pdf
21:39:58 INFO    153/679 essex-county-man-pleaded-guilty-to-online-enticement-of-minors-and-child-pornography-crimes_f0a258872d88.pdf
21:39:58 INFO    154/679 eureka-chiropractor-convicted-of-defrauding-medicare-insurance-companies-out-of-more-than-1-5-million_5b7cc299848e.pdf
21:39:58 INFO    155/679 eureka-chiropractor-sentenced-to-20-months-in-prison-and-ordered-to-repay-more-than-2-3-million-for-defrauding_9a1ea9ebb6d0.pdf
21:39:58 INFO    156/679 ex-orange-county-resident-sentenced-to-7-years-in-federal-prison-for-receiving-kickbacks-from-sober-living-hom_1dd0acb8584a.pdf
21:39:58 INFO    157/679 exactech-agrees-to-pay-8-million-to-resolve-false-claims-act-allegations-for-selling-defective-knee-implant-de_191f65db202d.pdf
21:39:58 INFO    158/679 executive-director-of-in-home-care-business-sentenced-to-prison-for-failing-to-pay-quarterly-employment-taxes_f7ae65154c00.pdf
21:39:58 INFO    159/679 executive-vice-president-of-insurance-brokerage-pleads-guilty-in-133m-affordable-care-act-fraud-scheme_624fd0c39011.pdf
21:39:58 INFO    160/679 eye-consultants-of-pennsylvania-pc-agrees-to-pay-790-000-00-to-settle-false-claims-act-allegations_0677d6fe9be1.pdf
21:39:58 INFO    161/679 false-claims-act-settlements-and-judgments-exceed-2-9b-in-fiscal-year-2024_bd461fbd83cb.pdf
21:39:58 INFO    162/679 farmington-woman-pleads-guilty-to-health-care-fraud-public-corruption-offenses_d6c92a87a753.pdf
21:39:58 INFO    163/679 federal-and-state-officials-announce-efforts-to-crack-down-on-healthcare-fraud-schemes_6dfc9433af3b.pdf
21:39:58 INFO    164/679 federal-grand-jury-returns-second-superseding-indictment-against-memphis-gynecologist_eb092cbc3cc7.pdf
21:39:58 INFO    165/679 federal-jury-convicts-north-chesterfield-man-for-billing-medicaid-for-services-he-did-not-provide_f488fb75629f.pdf
21:39:58 INFO    166/679 federal-jury-finds-former-prenatal-care-coordinator-guilty-of-healthcare-fraud-aggravated-identity-theft-provi_cefd22c7f2df.pdf
21:39:58 INFO    167/679 federal-jury-finds-markita-barnes-guilty-of-healthcare-fraud-aggravated-identity-theft-providing-unlawful-kick_b43f27a13c37.pdf
21:39:58 INFO    168/679 federal-law-enforcement-highlight-continuity-of-operations-during-government-shutdown_262a63bc8726.pdf
21:39:58 INFO    169/679 first-defendant-charged-in-autism-fraud-scheme_670240c7d006.pdf
21:39:58 INFO    170/679 five-defendants-charged-for-their-roles-in-health-care-fraud-and-illegal-drug-diversion-schemes_ef758ff8307f.pdf
21:39:58 INFO    171/679 five-new-jersey-pharmacies-agree-to-pay-1-935-million-to-resolve-false-claims-act-allegations-of-billing-for-d_06b491c8d9f9.pdf
21:39:58 INFO    172/679 florida-man-admits-role-in-4-8-million-health-care-fraud-and-kickback-scheme_c64e91e0e2f7.pdf
21:39:58 INFO    173/679 florida-man-convicted-in-multimillion-dollar-medicare-fraud-scheme_36ce5a562d9c.pdf
21:39:58 INFO    174/679 florida-man-indicted-for-health-care-fraud-wire-fraud-in-durable-medical-equipment-scheme_bed1dd585083.pdf
21:39:58 INFO    175/679 florida-man-pleads-guilty-for-role-in-an-off-the-books-payroll-scheme_323fe7d32405.pdf
21:39:58 INFO    176/679 florida-man-pleads-guilty-to-health-care-fraud-and-kickback-conspiracy_00dc8934fd32.pdf
21:39:58 INFO    177/679 florida-man-pleads-guilty-to-multi-million-dollar-scheme-to-defraud-medicare_75c52c485a2c.pdf
21:39:58 INFO    178/679 florida-man-sentenced-to-22-months-imprisonment-for-conspiracy-to-pay-and-receive-healthcare-kickbacks_118abd96753c.pdf
21:39:58 INFO    179/679 florida-man-sentenced-to-24-months-for-laundering-proceeds-of-health-care-fraud-scheme_df495795131f.pdf
21:39:58 INFO    180/679 florida-man-sentenced-to-42-months-for-multimillion-dollar-medicare-fraud-scheme_d04a95dc0fef.pdf
21:39:58 INFO    181/679 florida-man-sentenced-to-more-than-17-years-for-scheme-to-steal-more-than-10-8-million-from-medicare_24ae78d24e93.pdf
21:39:58 INFO    182/679 florida-nonprofit-founder-and-accountant-charged-with-stealing-over-100m-from-special-needs-victims_626ce52dc5ca.pdf
21:39:58 INFO    183/679 florida-ophthalmology-practice-agrees-to-pay-615-000-to-resolve-allegations-of-fraudulent-claims-to-medicare-a_7f0160754c56.pdf
21:39:58 INFO    184/679 florida-ophthalmology-practice-agrees-to-pay-615-000-to-resolve-allegations-of-fraudulent-claims-to-medicare-a_a265304924dd.pdf
21:39:58 INFO    185/679 florida-pharmacy-pleads-guilty-to-health-care-fraud-and-agrees-to-pay-more-than-1-million-settlement_02dd6b5b7c86.pdf
21:39:58 INFO    186/679 florida-pharmacy-pleads-guilty-to-health-care-fraud-and-agrees-to-pay-more-than-1-million-settlement_ba0008ce4ba7.pdf
21:39:58 INFO    187/679 florida-woman-convicted-of-embezzling-from-car-dealership_fd4cbb5fa795.pdf
21:39:58 INFO    188/679 florida-woman-pleads-guilty-to-conspiring-to-defraud-medicare-of-3-3-million_33f366ca24a1.pdf
21:39:58 INFO    189/679 florida-woman-to-pay-400-000-to-settle-allegations-of-falsifying-diagnoses-in-connection-with-an-amherst-compo_d719650485b7.pdf
21:39:58 INFO    190/679 foreign-national-sentenced-for-3-2-million-medicare-fraud-scheme_7060ea05793d.pdf
21:39:58 INFO    191/679 former-battle-creek-doctor-to-pay-over-700-000-to-resolve-federal-lawsuit-for-issuing-improper-drug-prescripti_d8ee9a0e42e4.pdf
21:39:58 INFO    192/679 former-ceo-of-startup-software-company-sentenced-for-payroll-tax-fraud-crimes_0b5806ffdf47.pdf
21:39:58 INFO    193/679 former-ceo-of-startup-software-company-sentenced-to-30-months-in-federal-prison-for-tax-scheme_592fb0fd41f6.pdf
21:39:58 INFO    194/679 former-chief-financial-officer-pleads-guilty-to-theft-in-connection-with-health-care_cda31734620d.pdf
21:39:58 INFO    195/679 former-chief-financial-officer-sentenced-to-federal-prison-for-theft-in-connection-with-health-care_e4f1ff06e6eb.pdf
21:39:58 INFO    196/679 former-chief-operating-officer-of-pain-care-centers-sentenced_45c994fdf52a.pdf
21:39:58 INFO    197/679 former-community-support-worker-pleads-guilty-to-defrauding-district-of-columbia-medicaid-program_949ce51acb5c.pdf
21:39:58 INFO    198/679 former-d-c-public-official-sentenced-to-15-months-for-bank-fraud_9f6d58980439.pdf
21:39:58 INFO    199/679 former-delaware-nurse-practitioner-resolves-health-care-fraud-allegations_be92561ca939.pdf
21:39:58 INFO    200/679 former-department-of-justice-prosecutor-and-dallas-defense-attorney-charged-with-an-unauthorized-disposal-of-g_7646b0730efc.pdf
21:39:58 INFO    201/679 former-ellensburg-doctor-indicted-on-26-felony-counts-for-falsifying-and-issuing-commercial-drivers-licenses-a_398a63538038.pdf
21:39:58 INFO    202/679 former-executive-director-is-sentenced-for-stealing-thousands-of-dollars-from-gastonia-non-profit_69e5d2f0bd83.pdf
21:39:58 INFO    203/679 former-government-employee-and-wife-plead-guilty-to-defrauding-the-department-of-veterans-affairs_fed6aeebede9.pdf
21:39:58 INFO    204/679 former-home-health-care-operator-settles-fraud-allegations-of-billing-federal-health-care-programs-for-service_73b7d0517c66.pdf
21:39:58 INFO    205/679 former-long-island-business-owner-charged-with-orchestrating-22-million-health-care-fraud-kickback-and-money-l_edf70142fe56.pdf
21:39:58 INFO    206/679 former-mercer-county-pharmacist-found-guilty-of-conspiracy-to-illegally-distribute-oxycodone-from-trenton-phar_f9f18f6ddf56.pdf
21:39:58 INFO    207/679 former-monmouth-county-resident-sentenced-to-16-years-in-prison-for-role-in-fraudulently-obtaining-over-3-7-mi_36ac68e55a35.pdf
21:39:58 INFO    208/679 former-new-york-doctor-sentenced-for-receiving-kickbacks_04edd7d789e5.pdf
21:39:58 INFO    209/679 former-new-york-doctor-sentenced-for-receiving-kickbacks_0786c44efc96.pdf
21:39:58 INFO    210/679 former-nurse-practitioner-agrees-to-50-000-settlement-in-alleged-false-claims-act-violations_395fd5226e86.pdf
21:39:58 INFO    211/679 former-nurse-practitioner-in-butte-sentenced-to-five-years-in-prison-ordered-to-pay-more-than-600-000-restitut_d16d7f017fae.pdf
21:39:58 INFO    212/679 former-owner-of-collapsed-nursing-home-empire-sentenced-to-36-months-imprisonment-for-38-million-tax-fraud-sch_d940017c80c8.pdf
21:39:58 INFO    213/679 former-owner-of-york-pain-management-practice-sentenced-to-42-months-for-health-care-fraud-money-laundering-an_0ed525f1f49e.pdf
21:39:58 INFO    214/679 former-senior-partner-at-mckinsey-amp-company-pleads-guilty_df3d9807cd9c.pdf
21:39:58 INFO    215/679 former-senior-partner-at-mckinsey-amp-company-sentenced_36c4f9e6ab8d.pdf
21:39:58 INFO    216/679 former-spouse-of-deceased-u-s-army-veteran-sentenced-to-prison-for-improperly-claiming-surviving-spouse-benefi_28ae7ebaf5a3.pdf
21:39:58 INFO    217/679 former-st-louis-area-pediatrician-admits-exchanging-prescriptions-for-sex-acts_50d0a2c450f0.pdf
21:39:58 INFO    218/679 former-state-official-and-state-representative-charged-with-offenses-related-to-cancelled-state-audit-of-medic_760072e091c3.pdf
21:39:58 INFO    219/679 former-state-representative-pleads-guilty-to-offenses-related-to-cancelled-state-audit-of-medicaid-provider-ba_fbea7533a78a.pdf
21:39:58 INFO    220/679 former-tulare-county-medical-doctor-pleads-guilty-to-distributing-misbranded-drugs-using-false-claims-about-co_f1486ea1f88e.pdf
21:39:58 INFO    221/679 former-virginia-business-owner-pleads-guilty-to-employment-tax-fraud_dc211ffe97ac.pdf
21:39:58 INFO    222/679 former-virginia-business-owner-sentenced-for-employment-tax-fraud_38f8bf961622.pdf
21:39:58 INFO    223/679 former-waterbury-resident-sentenced-to-41-months-in-federal-prison-for-multiple-fraud-schemes_95742c300cff.pdf
21:39:58 INFO    224/679 former-western-new-york-man-pleads-guilty-to-perjury-for-lying-while-testifying-during-his-fraud-trial_2fdcfa79f46b.pdf
21:39:58 INFO    225/679 fort-myers-couple-sentenced-to-federal-prison-for-3-4-million-covid-relief-fraud-scheme_79240b90f570.pdf
21:39:58 INFO    226/679 founder-and-top-executive-for-fresno-based-business-american-labor-alliance-receive-multi-year-prison-sentence_d20041a2aa68.pdf
21:39:58 INFO    227/679 founder-ceo-and-clinical-president-of-digital-health-company-convicted-in-100m-adderall-distribution-and-healt_59629babdc02.pdf
21:39:58 INFO    228/679 four-businessmen-and-two-companies-charged-in-nationwide-telemarketing-fraud-scheme_475d2fd7a7ef.pdf
21:39:58 INFO    229/679 four-california-residents-sentenced-to-prison-in-connection-with-16m-hospice-fraud-and-money-laundering-scheme_0848c65e6969.pdf
21:39:58 INFO    230/679 four-charged-with-health-care-fraud-and-related-crimes_817f02e919bd.pdf
21:39:58 INFO    231/679 four-individuals-charged-in-northern-district-of-texas-with-health-care-fraud-schemes-totaling-over-210-millio_592d3c91ea79.pdf
21:39:58 INFO    232/679 four-men-including-two-doctors-charged-in-a-7-million-illegal-opioid-distribution-conspiracy_fe3a07c1133f.pdf
21:39:58 INFO    233/679 four-more-charged-in-110-million-hospice-fraud-scheme_8e8e7071cac3.pdf
21:39:58 INFO    234/679 four-pensacola-women-charged-with-illegal-drug-diversion_c1a83e438447.pdf
21:39:58 INFO    235/679 four-pensacola-women-plead-guilty-to-illegal-drug-diversion_7ef1f7a84b6d.pdf
21:39:58 INFO    236/679 four-pharmacists-sentenced-for-roles-in-13m-medicare-medicaid-and-private-insurer-fraud-conspiracy_6fcd7667913c.pdf
21:39:58 INFO    237/679 four-sentenced-in-110-million-dollar-kickback-conspiracy_9bfd7222fb24.pdf
21:39:58 INFO    238/679 franklin-kentucky-pharmacist-and-spouse-sentenced-to-federal-prison_8d347794575d.pdf
21:39:58 INFO    239/679 fraud-charges-filed-against-12-defendants-in-phase-ii-of-operation-nightingale_f2876bbd2e8c.pdf
21:39:58 INFO    240/679 fraudster-who-submitted-over-340-000-in-fake-covid-unemployment-benefits-applications-pleads-guilty_dbca408bab23.pdf
21:39:58 INFO    241/679 fraudulent-billing-scheme-targeted-in-false-claims-act-complaint-against-physical-therapy-practice_d415916f7106.pdf
21:39:58 INFO    242/679 fresno-based-community-health-system-agree-to-pay-31-5-million-to-resolve-allegations-of-false-claims-act-viol_4e429f33939d.pdf
21:39:58 INFO    243/679 fresno-county-podiatrist-and-sales-representative-indicted-for-conspiracy-to-submit-millions-of-dollars-in-fal_16073933b66f.pdf
21:39:58 INFO    244/679 fresno-county-podiatrist-and-sales-representative-plead-guilty-to-conspiracy-to-submit-false-claims-related-to_86684ababa25.pdf
21:39:58 INFO    245/679 fresno-man-sentenced-to-7-5-years-in-prison-for-conspiring-with-pharmacist-to-illegally-traffic-hundreds-of-th_c65938650161.pdf
21:39:58 INFO    246/679 fugitive-physician-sentenced-to-prison-in-medicare-fraud-scheme_77ad3f9271d2.pdf
21:39:58 INFO    247/679 gastonia-pharmacy-to-pay-204-000-to-resolve-alleged-controlled-substances-act-violations_adb66d85244d.pdf
21:39:58 INFO    248/679 genetic-testing-marketing-companies-genexe-llc-and-immerge-inc-and-two-executives-agree-to-pay-6-million-to-re_a7edbd03e702.pdf
21:39:58 INFO    249/679 georgia-man-sentenced-for-24m-kickback-and-medicare-fraud-conspiracy_98b95778101c.pdf
21:39:58 INFO    250/679 georgia-man-sentenced-to-over-4-years-in-prison-for-fraud-targeting-ahcccs_893905d713c5.pdf
21:39:58 INFO    251/679 glendale-woman-sentenced-to-9-years-in-federal-prison-for-10-6-million-hospice-fraud-scheme-involving-kickback_ea9a28b73115.pdf
21:39:58 INFO    252/679 government-contractor-to-pay-over-4-million-to-settle-false-claims-act-allegations_0eafaa639044.pdf
21:39:58 INFO    253/679 greenfield-man-sentenced-to-15-months-imprisonment-for-paying-healthcare-kickbacks_c45bd8c50510.pdf
21:39:58 INFO    254/679 greensboro-laboratory-and-owner-agree-to-pay-850-000-to-resolve-allegations-of-false-claims-for-urine-drug-tes_0692ebbca983.pdf
21:39:58 INFO    255/679 greensboro-woman-pleads-guilty-to-health-care-fraud-and-money-laundering-in-connection-with-multi-million-doll_d0d315d8e489.pdf
21:39:58 INFO    256/679 greensboro-woman-sentenced-in-conviction-with-multi-million-dollar-urine-drug-testing-scheme_7eb427867d41.pdf
21:39:58 INFO    257/679 group-of-pennsylvania-based-car-companies-settle-matter-alleging-receipt-of-improper-cares-act-loans_bed981870ae9.pdf
21:39:58 INFO    258/679 hampton-man-sentenced-to-over-nine-years-in-prison-for-defrauding-virginia-medicaid-and-virginia-unemployment_750836723568.pdf
21:39:58 INFO    259/679 harlingen-couple-guilty-in-multimillion-dollar-medicare-fraud-scheme_2fb8a501c1fe.pdf
21:39:58 INFO    260/679 harrisburg-woman-sentenced-to-41-months-in-prison-for-health-care-fraud-and-bank-fraud-charges_1101e70070a0.pdf
21:39:58 INFO    261/679 hartford-substance-abuse-counselor-sentenced-to-27-months-in-prison-for-health-care-fraud-schemes_5f3a585ba7b6.pdf
21:39:58 INFO    262/679 health-care-plan-agrees-to-pay-over-500-000-as-part-of-self-disclosure-of-potential-false-claims-act-violation_4ef86af3849a.pdf
21:39:58 INFO    263/679 health-care-providers-and-laboratory-marketers-agree-to-pay-over-1-9-million-to-settle-kickback-allegations_cad1465804c6.pdf
21:39:58 INFO    264/679 health-net-federal-services-llc-and-centene-corporation-agree-to-pay-over-11-million-to-resolve-false-claims-a_1bad62a0a3c9.pdf
21:39:58 INFO    265/679 healthcare-providers-and-laboratory-marketers-agree-to-pay-over-1-9m-to-settle-kickback-allegations_40fb9f85fb31.pdf
21:39:58 INFO    266/679 healthcare-worker-pleads-guilty-to-double-billing-district-of-columbia-medicaid-programs_39fe5d2bda70.pdf
21:39:58 INFO    267/679 henderson-man-indicted-for-illegal-smuggling-and-distribution-of-erectile-dysfunction-prescription-drugs-under_daa065c1b47b.pdf
21:39:58 INFO    268/679 hendersonville-doctor-and-her-office-manager-husband-indicted-as-part-of-the-department-of-justice-039-s-2025-_46f32fb85e72.pdf
21:39:58 INFO    269/679 high-point-woman-sentenced-for-wire-fraud_caaa7871793e.pdf
21:39:58 INFO    270/679 hollywood-hills-man-sentenced-to-nearly-312-years-in-federal-prison-for-paying-nearly-2-9-million-in-kickbacks_a3ba9527f6fa.pdf
21:39:58 INFO    271/679 home-health-agency-owner-sentenced-to-more-than-six-years-in-medicare-fraud-and-identity-theft-scheme_3dfe75b4b287.pdf
21:39:58 INFO    272/679 home-health-care-companies-owner-sentenced-to-more-than-3-years-in-prison-for-5-7-million-medicaid-fraud_ffe52cc6bce4.pdf
21:39:58 INFO    273/679 home-health-care-provider-to-pay-334-807-to-settle-false-claims-act-allegations_6ef9009b7d4a.pdf
21:39:58 INFO    274/679 hospital-medical-imaging-services-company-and-others-to-pay-3-1-million-to-resolve-false-claims-act-allegation_aaf383a86d80.pdf
21:39:58 INFO    275/679 houston-doctor-agrees-to-pay-over-2-million-to-settle-allegations-of-fraudulent-billing-of-federal-programs_c9064c0a20cb.pdf
21:39:58 INFO    276/679 houston-doctor-pays-six-figures-to-settle-false-claims-act-liability-involving-neurostimulator-devices_9f753ce0804d.pdf
21:39:58 INFO    277/679 houston-pharmacy-owner-sentenced-to-19-years-in-prison-for-illegal-distribution-of-opioids-and-tax-fraud_ac0eb142ba8b.pdf
21:39:58 INFO    278/679 howey-in-the-hills-resident-pleads-guilty-to-embezzling-employment-taxes_01f1782346c6.pdf
21:39:58 INFO    279/679 humboldt-county-woman-charged-with-embezzling-over-500-000-from-construction-company-employer_30f07b77d338.pdf
21:39:58 INFO    280/679 illegal-alien-arrested-for-impersonating-u-s-citizen-for-over-9-years_d830a3203aee.pdf
21:39:58 INFO    281/679 illegal-alien-sentenced-in-multi-million-dollar-wire-and-tax-fraud-scheme_1ef54bf4a3a7.pdf
21:39:58 INFO    282/679 illinois-doctor-pleads-guilty-to-evading-approximately-1-6m-in-taxes_de76e679e31a.pdf
21:39:58 INFO    283/679 illinois-doctor-sentenced-to-34-months-in-prison-for-evading-1-6m-in-taxes-and-committing-health-care-fraud_729d34a9966f.pdf
21:39:58 INFO    284/679 illinois-man-charged-in-durable-medical-equipment-scheme_fb42837062d2.pdf
21:39:58 INFO    285/679 illinois-men-face-additional-charges-for-health-care-fraud-and-money-laundering-conspiracy_6ec025ca79d4.pdf
21:39:58 INFO    286/679 illinois-woman-sentenced-for-prescription-drug-diversion_2e600cd27286.pdf
21:39:58 INFO    287/679 indian-citizen-charged-in-multi-million-dollar-health-care-fraud-scheme_9feec6b28130.pdf
21:39:58 INFO    288/679 indian-national-sentenced-to-prison-for-medicare-fraud-scheme-that-stole-more-than-1-million-in-taxpayer-funds_382b9ef58021.pdf
21:39:58 INFO    289/679 indiana-laboratory-company-agrees-to-pay-more-than-9-million-to-settle-alleged-false-claims-act-violations_2b85765210af.pdf
21:39:58 INFO    290/679 iowa-attorney-pleads-guilty-to-making-a-false-statement-to-iowa-medicaid_228cad765af6.pdf
21:39:58 INFO    291/679 irondequoit-man-claiming-to-be-a-physician-charged-with-fraud-and-illegally-dispensing-controlled-substances_d611bf74c617.pdf
21:39:58 INFO    292/679 jackson-health-foundation-executive-charged-with-pocketing-over-1-million-in-kickbacks-stealing-foundation-mon_534a3215a89b.pdf
21:39:58 INFO    293/679 john-p-heekin-sworn-in-as-u-s-attorney-for-the-northern-district-of-florida_60c5134d9884.pdf
21:39:58 INFO    294/679 jury-convicts-florida-man-for-stealing-10-9-million-from-medicare_34da5c138bc6.pdf
21:39:58 INFO    295/679 jury-convicts-home-health-agency-owner-in-medicare-fraud-and-identity-theft-scheme_74075712d8bd.pdf
21:39:58 INFO    296/679 jury-finds-physician-guilty-of-operating-a-pill-mill-from-his-d-c-medical-practice_7aeef64f7e38.pdf
21:39:58 INFO    297/679 justice-department-expands-health-care-fraud-unit-to-target-health-care-fraud-in-massachusetts_c57ec9cc6063.pdf
21:39:58 INFO    298/679 justice-department-files-nationwide-lawsuit-alleging-walgreens-knowingly-filled-millions-of-prescriptions-that_59576878b4c6.pdf
21:39:58 INFO    299/679 justice-department-files-two-civil-forfeiture-actions-to-recover-nearly-11-million-in-health-care-fraud-procee_5fb3ae64700e.pdf
21:39:58 INFO    300/679 justice-department-secures-denaturalization-of-health-care-fraudster_9cdd667e5648.pdf
21:39:58 INFO    301/679 justice-department-secures-denaturalization-of-health-care-fraudster_ffc42cfc987a.pdf
21:39:58 INFO    302/679 justice-department-surpasses-12-billion-in-compensation-to-crime-victims-since-2000_235e143c7f6d.pdf
21:39:58 INFO    303/679 kansas-doctor-admits-accepting-kickbacks-to-commit-health-care-fraud_b6748fc49fcc.pdf
21:39:58 INFO    304/679 kentucky-nurse-sentenced-to-prison-for-opioid-diversion-scheme_7f074d2114ea.pdf
21:39:58 INFO    305/679 kingsville-business-owner-pleads-guilty-to-tax-fraud_2347f96f46b0.pdf
21:39:58 INFO    306/679 koreatown-based-medicare-advantage-provider-seoul-medical-group-and-related-parties-to-pay-more-than-62-millio_5d6e6a1c1517.pdf
21:39:58 INFO    307/679 lab-operator-convicted-of-4m-medicare-fraud-scheme_c835826c97b9.pdf
21:39:58 INFO    308/679 lab-owner-marketing-company-owner-and-doctor-all-sentenced-in-multi-million-dollar-medicare-and-medicaid-kickb_12e0c1ff648c.pdf
21:39:58 INFO    309/679 labcorp-and-university-health-system-agree-to-pay-388-667-to-resolve-alleged-false-claims-act-violations_eac9cbc5fc7b.pdf
21:39:58 INFO    310/679 laboratory-ceo-marketers-and-physicians-to-pay-over-6m-to-settle-allegations-of-management-service-organizatio_ab2540a9d5d7.pdf
21:39:58 INFO    311/679 lackawanna-man-pleads-guilty-to-defrauding-medicaid_1e17f8bcf8ff.pdf
21:39:58 INFO    312/679 lackawanna-man-sentenced-for-defrauding-medicaid_e050f3576c9a.pdf
21:39:58 INFO    313/679 lake-charles-physician-wife-and-clinic-agree-to-pay-medicare-for-improper-billing-related-to-implanted-neurost_2cf432380d54.pdf
21:39:58 INFO    314/679 lancaster-county-trio-pleads-guilty-to-conspiracy-to-commit-health-care-fraud_09bd944c0e5b.pdf
21:39:58 INFO    315/679 largest-ever-nationwide-healthcare-fraud-takedown-includes-two-cases-from-western-washington_8dbfa4edebb3.pdf
21:39:58 INFO    316/679 largest-north-carolina-behavioral-health-practice-agrees-to-pay-1-9-million-to-resolve-allegedly-false-medicar_a5ab0a3a1f30.pdf
21:39:58 INFO    317/679 law-enforcement-recovers-over-6-million-in-forfeited-assets-from-miami-couple-sentenced-to-9-and-3-year-prison_23dc3cd5eb3a.pdf
21:39:58 INFO    318/679 law-enforcement-seizes-range-rover-and-over-4-million-in-health-care-fraud-proceeds-from-miami-couple-charged-_507a8c8871f2.pdf
21:39:58 INFO    319/679 lawton-area-trio-sentenced-to-serve-more-than-12-years-collectively-in-federal-prison-for-health-care-fraud_5c9a62faa17d.pdf
21:39:58 INFO    320/679 leader-of-23-million-health-care-fraud-scheme-pleads-guilty_8f1e68c1a59f.pdf
21:39:58 INFO    321/679 leader-of-48-million-healthcare-fraud-scheme-sentenced-to-14-months-in-prison_19895900ca26.pdf
21:39:58 INFO    322/679 leader-of-68m-adult-day-care-fraud-scheme-pleads-guilty_a3fad58727ff.pdf
21:39:58 INFO    323/679 lewiston-man-charged-with-identity-theft-and-fraud-charges-as-part-of-national-health-care-fraud-takedown_6a742c4efb0f.pdf
21:39:58 INFO    324/679 lisa-g-johnston-named-acting-united-states-attorney-for-the-southern-district-of-west-virginia_ddaac4c0e72c.pdf
21:39:58 INFO    325/679 little-rock-psychologist-indicted-by-federal-grand-jury-for-defrauding-medicare-and-arkansas-blue-cross-blue-s_4aef40e13175.pdf
21:39:58 INFO    326/679 livecare-inc-agrees-to-pay-up-to-4-9-million-to-resolve-false-claims-act-allegations_ad54c1802819.pdf
21:39:58 INFO    327/679 local-physician-pleads-guilty-to-adulterating-and-misbranding-medical-devices-with-the-intent-to-defraud_f8b5fc4b3ce3.pdf
21:39:58 INFO    328/679 long-term-international-investigation-into-conspiracy-to-steal-american-funded-aid-concludes-with-2-indicted-1_cee5215e4030.pdf
21:39:58 INFO    329/679 louisiana-chiropractor-convicted-of-health-care-fraud-and-unemployment-insurance-fraud_6282c63d30a5.pdf
21:39:58 INFO    330/679 louisiana-chiropractor-sentenced-to-seven-years-in-prison-for-health-care-fraud-and-unemployment-insurance-fra_83135c5d3628.pdf
21:39:58 INFO    331/679 louisiana-doctor-sentenced-for-illegally-distributing-over-1-8m-doses-of-opioids-in-5-4m-health-care-fraud-sch_82cf2cb0230e.pdf
21:39:58 INFO    332/679 louisiana-man-pleads-guilty-to-3-8-million-durable-medical-equipment-fraud-scheme_a091b476a89e.pdf
21:39:58 INFO    333/679 louisiana-nurse-practitioner-convicted-of-12m-medicare-fraud-scheme_ca49da678581.pdf
21:39:58 INFO    334/679 louisiana-nurse-practitioner-convicted-of-2m-medicare-fraud_1585644deb8e.pdf
21:39:58 INFO    335/679 louisville-physician-agrees-to-pay-250-000-to-settle-false-claims-act-allegations_6ccfc845b043.pdf
21:39:58 INFO    336/679 madison-man-sentenced-to-37-months-in-prison-for-conspiracy-to-defraud-the-united-states_16f01c03220d.pdf
21:39:58 INFO    337/679 mahlega-abdsharafat-and-creative-hospice-settle-health-care-kickback-claims-for-9-2-million_0da7eaa110f4.pdf
21:39:58 INFO    338/679 man-pleads-guilty-in-connection-with-17m-medicare-hospice-fraud-and-home-health-care-fraud-schemes_9353dbea9ed1.pdf
21:39:58 INFO    339/679 man-pleads-guilty-to-conspiracy-to-launder-money-in-connection-with-100-million-health-care-fraud-scheme_2b601e5cb0b4.pdf
21:39:58 INFO    340/679 man-pleads-guilty-to-illegally-importing-suicide-drug-into-the-united-states-from-mexico_0639d88b6140.pdf
21:39:58 INFO    341/679 man-sentenced-for-obtaining-a-controlled-substance-by-fraud-and-making-a-false-statement-to-the-government_2acfc5bef3ed.pdf
21:39:58 INFO    342/679 marketer-sentenced-for-11-5m-genetic-testing-fraud-and-kickback-scheme_84550e7dc15a.pdf
21:39:58 INFO    343/679 marketers-and-healthcare-providers-in-texas-virginia-and-south-carolina-agree-to-pay-over-1-1m-to-settle-labor_cb541e4b2e36.pdf
21:39:58 INFO    344/679 marshalltown-woman-pleads-guilty-to-charges-related-to-drug-diversion_bc6bdda9c00c.pdf
21:39:58 INFO    345/679 marshalltown-woman-sentenced-to-six-months-in-federal-prison-for-drug-diversion-and-false-statements-in-medica_1b5c66f3f4ee.pdf
21:39:58 INFO    346/679 martinsville-doctor-sentenced-to-40-years-for-drug-distribution_aa1f715c66d3.pdf
21:39:58 INFO    347/679 maryland-man-pleads-guilty-to-leading-sophisticated-fraud-scheme-that-impersonated-dozens-of-doctors-to-illega_db635a8edaec.pdf
21:39:58 INFO    348/679 maryland-woman-arraigned-for-defrauding-the-d-c-medicaid-program_7b10e7133873.pdf
21:39:58 INFO    349/679 maryland-woman-pleads-guilty-to-conspiracy-to-commit-healthcare-fraud_d3c3c95d9496.pdf
21:39:58 INFO    350/679 massachusetts-doctor-agrees-to-plead-guilty-to-35-5-million-medicare-fraud-scheme_deaed77fbfd7.pdf
21:39:58 INFO    351/679 med-spa-owner-agrees-to-plead-guilty-to-performing-illegal-injections-using-unapproved-prescription-drugs_fb3ecaea6cf6.pdf
21:39:58 INFO    352/679 media-advisory-chesapeake-regional-medical-center-crmc-case-updates_6d03451d4997.pdf
21:39:58 INFO    353/679 medical-biller-charged-with-diverting-opioids-and-federal-health-care-fraud_1185a123cc02.pdf
21:39:58 INFO    354/679 medical-billing-company-owner-sentenced-for-health-care-fraud_0399753fd3db.pdf
21:39:58 INFO    355/679 medical-device-company-exactech-inc-agrees-to-pay-8-million-for-selling-allegedly-defective-knee-implant-devic_39822a851707.pdf
21:39:58 INFO    356/679 medical-device-manufacturer-and-its-owner-agree-to-pay-550-000-to-resolve-false-claims-act-allegations_b4f572620532.pdf
21:39:58 INFO    357/679 medical-equipment-business-owner-sentenced-to-federal-prison-and-ordered-to-pay-over-6-million-in-restitution-_cedf9853bac3.pdf
21:39:58 INFO    358/679 medical-equipment-business-owner-sentenced-to-federal-prison-and-ordered-to-pay-restitution-in-the-amount-of-o_a40ffde6a7bb.pdf
21:39:58 INFO    359/679 medical-group-agrees-to-pay-2-8m-to-settle-false-claims-act-allegations_34513ff2bc2d.pdf
21:39:58 INFO    360/679 medical-software-company-agrees-to-pay-500-000-to-resolve-allegations-of-causing-medically-unnecessary-breast-_129a596ee748.pdf
21:39:58 INFO    361/679 medicare-advantage-provider-seoul-medical-group-and-related-parties-to-pay-over-62m-to-settle-false-claims-act_7b6875bf8acb.pdf
21:39:58 INFO    362/679 memphis-doctor-to-pay-375-296-90-to-settle-fraudulent-billing-allegations_c73917c9b6a4.pdf
21:39:58 INFO    363/679 memphis-woman-sentenced-in-healthcare-fraud-scheme-and-schemes-to-defraud-covid-19-relief-program_1d80b74f4029.pdf
21:39:58 INFO    364/679 miami-inspector-pleads-guilty-in-a-scheme-to-obstruct-the-u-s-department-of-health-and-human-services-oversigh_674f4bdc32e5.pdf
21:39:58 INFO    365/679 michigan-doctor-sentenced-to-four-years-for-6-3m-medicare-fraud-scheme_10a6a872f263.pdf
21:39:58 INFO    366/679 michigan-pharmacist-sentenced-to-46-months-in-prison-for-4m-health-care-fraud-scheme_4b48bd8ea077.pdf
21:39:58 INFO    367/679 middle-district-of-florida-u-s-attorneys-office-collects-more-than-47-million-in-civil-and-criminal-actions-in_9c6596085ad2.pdf
21:39:58 INFO    368/679 middlesex-county-man-admits-defrauding-south-koreans-through-bogus-sugar-investment-scheme_e9b28093c579.pdf
21:39:58 INFO    369/679 middlesex-county-man-sentenced-to-27-months-for-defrauding-south-koreans-through-bogus-commodities-investment-_61e367f4dec6.pdf
21:39:58 INFO    370/679 middletown-man-admits-role-in-scheme-that-defrauded-connecticuts-medicaid-program-of-more-than-1-8-million_e3fa391694bb.pdf
21:39:58 INFO    371/679 middletown-resident-charged-in-health-care-fraud-scheme-involving-durable-medical-equipment_333412e93142.pdf
21:39:58 INFO    372/679 military-contractor-to-pay-1-2-million-to-united-states-to-settle-false-claims-act-allegations_c1b66e251a85.pdf
21:39:58 INFO    373/679 minnesota-couple-indicted-in-15-million-medical-billing-fraud-scheme_71d864eae37c.pdf
21:39:58 INFO    374/679 minnesota-woman-pleads-guilty-in-2-million-counterfeit-medical-devices-case_c47ee18d2be2.pdf
21:39:58 INFO    375/679 mississippi-businessman-pleads-guilty-to-19m-health-care-fraud-conspiracy_9d39c9ae6962.pdf
21:39:58 INFO    376/679 mississippi-medicaid-recipients-agree-to-pay-over-170-000-to-resolve-false-claims-act-allegations-of-health-ca_0d3635677585.pdf
21:39:58 INFO    377/679 missouri-home-health-care-company-agrees-to-pay-534-475-false-claims-act-settlement_d11308a3f3a1.pdf
21:39:58 INFO    378/679 missouri-man-pleads-guilty-to-multimillion-dollar-medicare-fraud-conspiracy_d18f6bd93e59.pdf
21:39:58 INFO    379/679 missouri-man-sentenced-to-10-years-in-prison-for-174-million-health-care-fraud-conspiracy_9dddd44de62d.pdf
21:39:58 INFO    380/679 missouri-man-sentenced-to-10-years-in-prison-for-174m-health-care-fraud-conspiracy_c310016c3392.pdf
21:39:58 INFO    381/679 missouri-man-sentenced-to-108-months-in-prison-for-3-million-pandemic-fraud-witness-tampering-clean-air-act-vi_633be1fd13c6.pdf
21:39:58 INFO    382/679 morgantown-physician-sentenced-for-tax-fraud_a14fc85d07b0.pdf
21:39:58 INFO    383/679 morris-county-company-settles-matter-alleging-it-received-improper-paycheck-protection-program-loan_b11c5913afc5.pdf
21:39:58 INFO    384/679 morris-county-individual-and-ocean-county-individual-charged-with-oxycodone-conspiracy_9c813a7a5fd2.pdf
21:39:58 INFO    385/679 multiple-eastern-north-carolina-healthcare-professionals-charged-in-connection-with-2025-national-healthcare-f_e971713206d9.pdf
21:39:58 INFO    386/679 naples-man-sentenced-to-federal-prison-for-conspiracy-to-defraud-the-united-states_3fb969d18710.pdf
21:39:58 INFO    387/679 national-health-care-fraud-enforcement-action-results-in-324-defendants-charged-and-over-14-6-billion-in-inten_2e690ac23ae2.pdf
21:39:58 INFO    388/679 national-health-care-fraud-takedown-results-in-324-defendants-charged-in-connection-with-over-14-6-billion-in-_8f84ce8decd2.pdf
21:39:58 INFO    389/679 national-health-care-fraud-takedown-results-in-324-defendants-charged-in-fraud-scheme-totaling-over-14-6-billi_d59ce3977d18.pdf
21:39:58 INFO    390/679 national-health-care-fraud-takedown-results-in-charges-against-324-individuals-including-13-in-northern-distri_17f41e86f241.pdf
21:39:58 INFO    391/679 national-sales-director-for-new-york-based-mobile-diagnostic-company-charged-in-kickback-scheme_bfab90a1c5bc.pdf
21:39:58 INFO    392/679 national-sales-director-for-new-york-based-mobile-diagnostic-company-pleads-guilty-to-kickback-scheme_c4471458cdb3.pdf
21:39:58 INFO    393/679 nearly-50-charged-in-southern-district-of-texas-as-part-of-national-health-care-fraud-takedown_1ff39142543d.pdf
21:39:58 INFO    394/679 nevada-nurse-practitioner-pleads-guilty-to-fraudulent-medicare-wound-care-billing_992e894636fe.pdf
21:39:58 INFO    395/679 new-england-doctor-sentenced-for-drug-conspiracy_11050003cb72.pdf
21:39:58 INFO    396/679 new-hampshire-doctor-pleads-guilty-to-illegally-prescribing-opioids_60cf2de33c29.pdf
21:39:58 INFO    397/679 new-haven-psychiatrist-to-pay-more-than-450k-to-settle-false-claims-act-and-controlled-substances-act-allegati_4f71108e5418.pdf
21:39:58 INFO    398/679 new-jersey-business-owner-sentenced-to-87-months-for-172-million-fraud-and-money-laundering-scheme_3f44109d893c.pdf
21:39:58 INFO    399/679 new-jersey-doctor-charged-with-distributing-opioids-in-exchange-for-sexual-favors-and-defrauding-new-jersey-me_93dfd276e065.pdf
21:39:58 INFO    400/679 new-jersey-doctor-charged-with-unlawfully-distributing-adderall-and-xanax_11bc2a67ff99.pdf
21:39:58 INFO    401/679 new-jersey-man-charged-with-using-fraudulent-fda-documents-to-defraud-investors-in-vaping-business_6a06ac826ff6.pdf
21:39:58 INFO    402/679 new-jersey-man-sentenced-for-prescription-opioid-conspiracy_8cf2495f12a7.pdf
21:39:58 INFO    403/679 new-jersey-pain-clinic-admits-health-care-fraud-and-agrees-to-criminal-and-civil-penalties_0fb58f8b69a3.pdf
21:39:58 INFO    404/679 new-jersey-pharmacy-agrees-to-resolve-false-claims-act-allegations-for-billing-for-drugs-not-dispensed_aa49dc2860b8.pdf
21:39:58 INFO    405/679 new-jersey-pharmacy-owner-pleads-guilty-to-health-care-fraud-scheme-involving-billing-medicare-for-undispensed_a16b63d3ab03.pdf
21:39:58 INFO    406/679 new-united-states-attorney-for-the-middle-district-of-pennsylvania-appointed_13eec2bf63ed.pdf
21:39:58 INFO    407/679 new-york-man-admits-health-care-fraud-scheme-for-submitting-falsified-prescriptions-to-medicare-and-medicaid_dd3c12d7589e.pdf
21:39:58 INFO    408/679 new-york-man-arrested-in-dallas-airport-on-healthcare-fraud-charges_7076c1450fd0.pdf
21:39:58 INFO    409/679 new-york-man-charged-with-wire-fraud-and-aggravated-identity-theft_3ec7d938d682.pdf
21:39:58 INFO    410/679 new-york-man-pleads-guilty-to-70-million-kickback-scheme_3bcd26c69b76.pdf
21:39:58 INFO    411/679 newburgh-woman-who-made-headlines-for-false-claims-about-homeless-veterans-sentenced-for-wire-fraud-and-stolen_72b7de8fbfce.pdf
21:39:58 INFO    412/679 north-haven-counselor-sentenced-to-more-than-3-years-in-federal-prison-for-defrauding-medicaid-of-more-than-1-_d49441a1bede.pdf
21:39:58 INFO    413/679 north-ridgeville-doctor-pleads-guilty-to-healthcare-fraud-conspiracy_ef5ae7827410.pdf
21:39:58 INFO    414/679 norwalk-dentists-pay-more-than-600k-to-settle-false-claims-allegations_3ffadd4f5c18.pdf
21:39:58 INFO    415/679 nurse-anesthetist-sentenced-to-federal-prison-for-fentanyl-diversion-at-dubuque-hospital_51d583213f69.pdf
21:39:58 INFO    416/679 nurse-practitioner-from-opelousas-convicted-of-medicare-fraud-by-federal-jury_667b7080f287.pdf
21:39:58 INFO    417/679 nurse-practitioner-pleads-guilty-to-health-care-fraud-unlawful-drug-distribution_b22d050343bd.pdf
21:39:58 INFO    418/679 nurse-practitioner-sentenced-to-18-months-and-ordered-to-pay-over-160-000-in-restitution-for-health-care-fraud_3ce96ad2f9a5.pdf
21:39:58 INFO    419/679 nuway-alliance-agrees-to-pay-18-500-000-settlement-in-medicaid-kickbacks-scheme-false-claims-act-violations_b04effe546a0.pdf
21:39:58 INFO    420/679 ocala-mental-health-counselor-arrested-for-aggravated-identity-theft-and-fourteen-counts-of-wire-fraud_91a0654f9dbb.pdf
21:39:58 INFO    421/679 ohio-based-nonprofit-and-affiliated-nursing-homes-agree-to-pay-3-61m-to-resolve-false-claims-act-liability_25799c9f5b69.pdf
21:39:58 INFO    422/679 ohio-doctor-agrees-to-pay-600-000-to-settle-false-claims-act-allegations_613c2a304e79.pdf
21:39:58 INFO    423/679 ohio-doctor-pleads-guilty-to-role-in-telemedicine-scheme_18d23392e7c7.pdf
21:39:58 INFO    424/679 ohio-man-pleads-guilty-to-filing-false-tax-returns-for-failing-to-report-business-earnings_286d87bcf2f3.pdf
21:39:58 INFO    425/679 ohio-man-sentenced-to-prison-for-paycheck-protection-program-loan-fraud-totaling-more-than-2m_ac33ded5ee2f.pdf
21:39:58 INFO    426/679 oklahoma-city-doctor-surrenders-dispensing-authority-and-pays-130-000-to-settle-civil-penalty-claims-stemming-_8142040daa78.pdf
21:39:58 INFO    427/679 oklahoma-city-man-charged-with-medicare-fraud-as-part-of-national-takedown_8055a1aa6533.pdf
21:39:58 INFO    428/679 oklahoma-city-woman-pleads-guilty-to-health-care-fraud_5f2949addd70.pdf
21:39:58 INFO    429/679 oncologist-sentenced-to-prison-for-illegally-selling-cancer-drugs_31f32176c359.pdf
21:39:58 INFO    430/679 operations-manager-pleads-guilty-to-kickback-scheme_9f18efe03211.pdf
21:39:58 INFO    431/679 operator-of-home-health-care-company-sentenced-to-12-years-in-prison-for-multimillion-dollar-health-care-fraud_26c5dd148934.pdf
21:39:58 INFO    432/679 operators-of-new-jersey-company-sentenced-to-prison-and-enter-into-related-civil-settlement-agreement-for-role_680be093c29c.pdf
21:39:58 INFO    433/679 orange-county-man-charged-in-federal-complaint-alleging-he-helped-270-million-medi-cal-scam-involving-medicati_63cc89dce08a.pdf
21:39:58 INFO    434/679 orlando-woman-ordered-to-pay-over-3-million-for-her-involvement-in-wire-and-tax-fraud-scheme_6b5be1e5b4bc.pdf
21:39:58 INFO    435/679 owner-of-addiction-treatment-chain-that-billed-for-recovery-services-not-provided-sentenced-to-more-than-eight_e8fa11e42e79.pdf
21:39:58 INFO    436/679 owner-of-california-blood-testing-laboratory-pleads-guilty-to-tax-and-health-care-related-crimes_6395bbcce45b.pdf
21:39:58 INFO    437/679 owner-of-chicago-area-convenience-stores-convicted-of-defrauding-low-income-food-program-for-women-and-childre_4a6dcdf6c9a7.pdf
21:39:58 INFO    438/679 owner-of-durable-medical-equipment-companies-agrees-to-plead-guilty-in-nearly-30-million-fraud-scheme_2e8fe466b280.pdf
21:39:58 INFO    439/679 owner-of-durable-medical-equipment-companies-charged-in-nearly-30-million-fraud-scheme_7a092d4016e0.pdf
21:39:58 INFO    440/679 owner-of-facility-for-intellectually-disabled-adults-pleads-guilty-to-health-care-fraud_0e31e24db3e4.pdf
21:39:58 INFO    441/679 owner-of-halo-home-healthcare-sentenced-to-4-years-in-prison-for-health-care-fraud-tax-crimes_c5fd2a1b28b5.pdf
21:39:58 INFO    442/679 owner-of-kansas-city-kansas-pharmacy-agrees-to-pay-200-000-to-resolve-allegations-of-violating-the-controlled-_21b542b503bf.pdf
21:39:58 INFO    443/679 owner-of-long-island-ambulette-services-pleads-guilty-to-leading-multimillion-dollar-healthcare-fraud-scheme_f96cfe46d86a.pdf
21:39:58 INFO    444/679 owner-of-mail-order-pharmacies-settles-false-claims-act-investigation-involving-allegations-of-fraudulent-bill_7e5f89760c23.pdf
21:39:58 INFO    445/679 owner-of-marketing-companies-and-dme-company-convicted-for-role-in-100-million-scheme-to-defraud-medicare-and-_2e73de2e278b.pdf
21:39:58 INFO    446/679 owner-of-new-jersey-businesses-admits-to-fraudulently-obtaining-over-3-2-million-from-the-paycheck-protection-_f261863220d8.pdf
21:39:58 INFO    447/679 owner-of-new-jersey-businesses-sentenced-to-41-months-in-prison-for-fraudulently-obtaining-over-3-2-million-in_4fb737831956.pdf
21:39:58 INFO    448/679 owner-of-oahu-physical-therapy-clinic-sentenced-to-9-months-in-federal-prison-for-health-care-fraud_db99273e58b3.pdf
21:39:58 INFO    449/679 owner-of-physical-rehabilitation-company-pleads-guilty-to-submitting-more-than-20-million-in-fraudulent-medica_21bc97952ef6.pdf
21:39:58 INFO    450/679 owner-of-three-north-shore-restaurants-sentenced-to-prison-for-tax-fraud-scheme_70e00dd96863.pdf
21:39:58 INFO    451/679 owners-and-ceo-of-wholesale-pharmaceutical-company-convicted-of-distributing-more-than-92-million-of-black-mar_fc5eb645a5a0.pdf
21:39:58 INFO    452/679 owners-of-1st-adult-n-pediatric-healthcare-pled-guilty_b2a8f3d9ff78.pdf
21:39:58 INFO    453/679 pain-management-clinic-owners-and-operators-indicted-on-health-care-fraud-charges_faf7b3d5e077.pdf
21:39:58 INFO    454/679 pain-management-doctor-and-medical-practice-to-pay-3-5-million-to-resolve-false-claims-act-and-control-substan_bef99b829904.pdf
21:39:58 INFO    455/679 panamanian-doctor-pleads-guilty-in-criminal-fraud-case-expected-to-save-u-s-government-25m_5956917fbd28.pdf
21:39:58 INFO    456/679 payroll-services-company-owner-sentenced-to-prison_fccbf04ce074.pdf
21:39:58 INFO    457/679 personal-health-care-aide-charged-with-health-care-fraud_59f9a5fbe980.pdf
21:39:58 INFO    458/679 pfizer-agrees-to-pay-nearly-60-million-to-resolve-false-claims-allegations-relating-to-improper-physician-paym_dbb59b5b29c1.pdf
21:39:58 INFO    459/679 pfizer-agrees-to-pay-nearly-60m-to-resolve-false-claims-allegations-relating-to-improper-physician-payments-by_38dc3d2fdc7e.pdf
21:39:58 INFO    460/679 pharmaceutical-manufacturer-assertio-therapeutics-inc-agrees-to-pay-3-6m-to-resolve-allegations-that-it-violat_67a2ecbb923a.pdf
21:39:58 INFO    461/679 pharmaceutical-manufacturer-assertio-therapeutics-inc-to-pay-3-6-million-to-resolve-allegations-that-it-violat_b7b29764a149.pdf
21:39:58 INFO    462/679 pharmacist-and-brother-sentenced-to-prison-for-15m-health-care-and-wire-fraud-scheme_1dd3ccb84346.pdf
21:39:58 INFO    463/679 pharmacist-guilty-in-110-million-dollar-kickback-conspiracy_74b5a637683f.pdf
21:39:58 INFO    464/679 pharmacist-indicted-in-2-million-health-care-fraud-scheme_06f2e9d98a83.pdf
21:39:58 INFO    465/679 pharmacist-sentenced-to-over-six-years-in-prison-for-6m-health-care-fraud-scheme_6a2019abc503.pdf
21:39:58 INFO    466/679 pharmacist-sentenced-to-prison-for-false-medicaid-claims_08dfc15c32e3.pdf
21:39:58 INFO    467/679 pharmacy-agrees-to-resolve-false-claims-act-allegations-for-billing-for-drugs-not-dispensed_ccdd75a0d97e.pdf
21:39:58 INFO    468/679 pharmacy-llc-agrees-to-resolve-false-claims-act-allegations-of-billing-for-drugs-not-dispensed_f6ce40ff135a.pdf
21:39:58 INFO    469/679 pharmacy-owner-and-pharmacists-sentenced-for-pill-mill-scheme-involving-hundreds-of-thousands-of-opioid-pills_1670c28c6789.pdf
21:39:58 INFO    470/679 pharmacy-owner-sentenced-to-87-months-in-prison-and-administrator-sentenced-to-72-months-for-their-respective-_6c9544157e42.pdf
21:39:58 INFO    471/679 pharmacy-owner-sentenced-to-imprisonment-for-health-care-fraud_ac24b5223516.pdf
21:39:58 INFO    472/679 philadelphia-businesswoman-sentenced-to-20-months-in-prison-for-multiple-fraud-schemes-that-caused-over-600-00_93f4743ecd19.pdf
21:39:58 INFO    473/679 philadelphia-man-pleads-guilty-to-defrauding-the-government-of-more-than-1-million-in-snap-medicaid-benefits_4677f918eeb0.pdf
21:39:58 INFO    474/679 philadelphia-man-sentenced-to-39-months-imprisonment-for-conspiracy-to-burglarize-ups-warehouses-others-previo_3cf3f8f6c8e1.pdf
21:39:58 INFO    475/679 philadelphia-man-sentenced-to-over-two-years-in-prison-for-defrauding-the-government-of-more-than-1-million-in_7872c84c36ac.pdf
21:39:58 INFO    476/679 philadelphia-mental-health-clinic-and-its-psychiatrist-owner-agree-to-pay-900-000-to-resolve-false-claims-act-_b352a07a011a.pdf
21:39:58 INFO    477/679 phobos-ransomware-affiliates-arrested-in-coordinated-international-disruption_b122cef81897.pdf
21:39:58 INFO    478/679 physician-assistant-who-pretended-to-be-a-licensed-physician-pleads-guilty-to-making-false-statements-to-an-ag_3db5f5d9f150.pdf
21:39:58 INFO    479/679 physician-convicted-at-trial-for-illegal-distribution-of-opioids-and-healthcare-fraud-conspiracies_9f8263a425fe.pdf
21:39:59 INFO    480/679 physician-convicted-of-conspiracy-to-defraud-medicare_19ee7bb1620f.pdf
21:39:59 INFO    481/679 physician-sentenced-to-14-years-for-illegal-distribution-of-opioids-and-health-care-fraud-conspiracies_cbc26346e94f.pdf
21:39:59 INFO    482/679 physician-sentenced-to-18-years-in-prison-for-operating-a-pill-mill-from-his-northwest-d-c-medical-practice_22d73278fe99.pdf
21:39:59 INFO    483/679 physicians-toxicology-laboratory-and-its-owners-to-pay-4-425-million-to-settle-allegations-of-unnecessary-drug_e3155ad11272.pdf
21:39:59 INFO    484/679 pittsburgh-area-nursing-home-companies-ordered-to-pay-more-than-15-million-in-restitution-for-health-care-frau_fa59ef918a60.pdf
21:39:59 INFO    485/679 plasters-union-member-sentenced-for-defrauding-health-care-plan_dad9f0aee64d.pdf
21:39:59 INFO    486/679 president-of-insurance-brokerage-firm-and-ceo-of-marketing-company-charged-in-161m-affordable-care-act-enrollm_457bb6b72e6d.pdf
21:39:59 INFO    487/679 president-of-insurance-brokerage-firm-and-ceo-of-marketing-company-convicted-in-233m-affordable-care-act-enrol_8eee135720ad.pdf
21:39:59 INFO    488/679 president-of-queens-based-construction-company-sentenced-for-fraud-in-connection-with-homeless-shelter-contrac_ac0537e6f095.pdf
21:39:59 INFO    489/679 principals-of-fire-alarm-repair-company-plead-guilty-to-decade-long-scheme-to-defraud-new-york-city-agencies_c72a8f632f58.pdf
21:39:59 INFO    490/679 providence-man-indicted-for-making-false-statements-to-gain-veteran-benefits_81663afa6f27.pdf
21:39:59 INFO    491/679 putnam-county-nurse-practitioner-pleads-guilty-to-health-care-fraud_aac4831ff049.pdf
21:39:59 INFO    492/679 putnam-county-veterinarian-ordered-to-pay-956-709-in-civil-penalties_1d50e9c5800c.pdf
21:39:59 INFO    493/679 radiopharmaceutical-company-set-to-pay-350-000-to-resolve-false-claims-act-allegations_c2f150135f2f.pdf
21:39:59 INFO    494/679 rebecca-c-lutzko-announces-resignation-from-service-as-u-s-attorney-for-the-northern-district-of-ohio_f1e02cc5db94.pdf
21:39:59 INFO    495/679 recovery-centers-of-america-agrees-to-pay-2-million-to-resolve-allegations-that-it-violated-the-controlled-sub_94908e09b030.pdf
21:39:59 INFO    496/679 remote-patient-monitoring-company-settles-false-claims-act-lawsuit-for-1-29-million_8c671d314785.pdf
21:39:59 INFO    497/679 reno-doctor-arrested-and-indicted-for-health-care-fraud_ab3c752da16b.pdf
21:39:59 INFO    498/679 repeat-offender-pleads-guilty-to-health-care-fraud-scheme-in-new-hampshire_964a21e2e363.pdf
21:39:59 INFO    499/679 residential-treatment-provider-agrees-to-pay-346-369-to-settle-false-claims-act-allegations_a30bb867f85c.pdf
21:39:59 INFO    500/679 richmond-psychotherapist-convicted-of-healthcare-fraud-to-pay-over-1m_3d3d36d1ad94.pdf
21:39:59 INFO    501/679 river-hills-man-sentenced-to-21-months-imprisonment-for-paying-healthcare-kickbacks_f924e8b8e264.pdf
21:39:59 INFO    502/679 roanoke-home-health-care-attendant-pleads-guilty-to-health-care-fraud_196201672c56.pdf
21:39:59 INFO    503/679 robert-burkich-m-d-settles-case-alleging-that-he-submitted-false-claims-for-chelation-therapy-to-medicare_54222f3305de.pdf
21:39:59 INFO    504/679 romanian-men-indicted-for-card-skimming_93d90399fcb5.pdf
21:39:59 INFO    505/679 roofing-business-owner-and-payroll-administrator-sentenced-for-employment-tax-conspiracy_83e9e12dcd25.pdf
21:39:59 INFO    506/679 roofing-contractor-admits-tax-evasion-scheme_36ccd01cb4be.pdf
21:39:59 INFO    507/679 roofing-contractor-sentenced-to-15-months-in-prison-for-tax-evasion-scheme_9c61af56ba9f.pdf
21:39:59 INFO    508/679 rossi-sentenced-to-an-additional-three-years-in-prison-for-healthcare-fraud-related-to-covid-testing_f391d500ff03.pdf
21:39:59 INFO    509/679 rst-sanexas-inc-and-its-owners-agree-to-pay-1-5-million-to-resolve-allegations-that-they-caused-false-claims-a_10f663505aa4.pdf
21:39:59 INFO    510/679 s-c-cases-among-hundreds-announced-in-national-health-care-fraud-takedown_caa48e5d74c3.pdf
21:39:59 INFO    511/679 saad-healthcare-agrees-to-pay-3m-to-settle-false-claims-act-allegations-that-it-billed-medicare-for-ineligible_92d0d3c6dda8.pdf
21:39:59 INFO    512/679 sacramento-county-man-sentenced-to-33-months-in-prison-for-fraud-in-connection-with-medical-device-sales_a7137bae663b.pdf
21:39:59 INFO    513/679 sacramento-doctor-agrees-to-pay-125-000-for-controlled-substances-act-violations-at-sutter-imaging-capitol-pav_9c3b5fcc2fff.pdf
21:39:59 INFO    514/679 saint-vincents-catholic-medical-centers-of-new-york-agrees-to-pay-29m-to-resolve-alleged-false-claims-act-viol_80f32919ba92.pdf
21:39:59 INFO    515/679 san-bernardino-church-pastor-and-ex-political-candidate-arrested-for-alleged-wire-fraud-schemes-targeting-frie_931354365f86.pdf
21:39:59 INFO    516/679 second-leader-of-notorious-philadelphia-10th-and-o-crew-sentenced-to-over-four-years-for-opioid-drug-conspirac_74a0e5f0576b.pdf
21:39:59 INFO    517/679 semler-scientific-inc-and-bard-peripheral-vascular-inc-to-pay-nearly-37m-to-resolve-false-claims-act-allegatio_8d6d73e7f273.pdf
21:39:59 INFO    518/679 serial-fraudster-sentenced-to-ten-years-in-federal-prison-for-stealing-nearly-3-million-and-five-indianapolis-_488ee47b8386.pdf
21:39:59 INFO    519/679 seven-arrested-for-conspiring-with-annandale-based-doctor-and-others-for-distributing-oxycodone-and-promethazi_8699caa5e368.pdf
21:39:59 INFO    520/679 shelbyville-woman-pleads-guilty-to-employment-tax-and-wire-fraud-charges-agrees-to-pay-more-than-1-1-million-i_f7f477bfdcc8.pdf
21:39:59 INFO    521/679 six-additional-defendants-charged-one-defendant-pleads-guilty-in-ongoing-fraud-schemes_0875e8fb6e31.pdf
21:39:59 INFO    522/679 skilled-nursing-facility-and-acute-care-hospital-to-pay-6-5-million-to-settle-civil-false-claims-act-allegatio_f604b4ed50ba.pdf
21:39:59 INFO    523/679 slidell-chiropractor-convicted-of-health-care-fraud_9ee15a746cf4.pdf
21:39:59 INFO    524/679 slidell-doctor-charged-with-health-care-fraud_af3daa25ec52.pdf
21:39:59 INFO    525/679 slidell-doctor-convicted-of-health-care-fraud_899d62611381.pdf
21:39:59 INFO    526/679 small-business-investment-company-agrees-to-pay-1-5-million-to-resolve-false-claims-act-allegations_74248ffe233b.pdf
21:39:59 INFO    527/679 south-bay-based-nursing-facilities-chain-and-owner-agree-to-pay-18-million-to-resolve-covid-related-false-clai_62394cfa4b3d.pdf
21:39:59 INFO    528/679 south-carolina-construction-company-to-pay-191-070-to-the-united-states-to-resolve-false-claims-allegations_c9c075ded13b.pdf
21:39:59 INFO    529/679 south-carolina-man-charged-for-multimillion-dollar-medicare-fraud-and-ponzi-schemes_ca9f20568623.pdf
21:39:59 INFO    530/679 south-carolina-man-charged-in-maryland-for-multi-million-dollar-medicare-fraud-and-ponzi-schemes_6079034388bb.pdf
21:39:59 INFO    531/679 south-florida-medical-providers-agree-to-pay-810-301-to-resolve-allegations-of-fraudulently-billing-medicare_ec9dc527a020.pdf
21:39:59 INFO    532/679 southern-california-nurse-indicted-for-multi-million-dollar-hospice-fraud-in-fresno-and-kern-counties_e95cb843ba52.pdf
21:39:59 INFO    533/679 southern-colorado-hospital-and-doctors-agree-to-pay-650-000-to-resolve-allegations-that-they-unlawfully-prescr_eadd00bb63da.pdf
21:39:59 INFO    534/679 southfield-doctor-sentenced-to-six-years-in-prison-for-illegally-prescribing-more-than-200-000-opioid-pills-wo_c59c94f75e5d.pdf
21:39:59 INFO    535/679 sovereign-health-group-founder-and-ex-ceo-arrested-on-indictment-alleging-long-running-massive-fraud-against-h_294e24e32afb.pdf
21:39:59 INFO    536/679 spokane-dermatologist-agrees-to-pay-1-4-million-to-resolve-claims-of-fraudulently-obtaining-covid-19-funds_9d7772526aaf.pdf
21:39:59 INFO    537/679 spokane-physician-pays-120-000-to-resolve-allegations-he-prescribed-controlled-substances-without-legitimate-m_8842d6655430.pdf
21:39:59 INFO    538/679 st-charles-parish-woman-charged-with-wire-fraud_511762156fb3.pdf
21:39:59 INFO    539/679 st-charles-parish-woman-convicted-of-wire-fraud_0431b408f6f4.pdf
21:39:59 INFO    540/679 st-johns-county-man-pleads-guilty-to-tax-fraud_410f869a37b5.pdf
21:39:59 INFO    541/679 st-louis-area-doctor-sentenced-ordered-to-repay-742-000_f51e1f5aa277.pdf
21:39:59 INFO    542/679 st-louis-area-doctor-sentenced-to-70-months-in-prison_4b15d16c315f.pdf
21:39:59 INFO    543/679 statement-of-u-s-attorney-jay-clayton-on-the-verdict-in-u-s-v-omnicare-and-cvs-health-corporation_3e5f20a25d21.pdf
21:39:59 INFO    544/679 suburban-chicago-man-indicted-on-federal-healthcare-fraud-charges_cbbd82563251.pdf
21:39:59 INFO    545/679 suburban-chicago-medical-device-company-to-pay-1-million-to-resolve-federal-fraud-investigation_22d5dd9de462.pdf
21:39:59 INFO    546/679 suburban-chicago-physician-sentenced-to-ten-years-in-prison-for-health-care-fraud_72ce172e6ef3.pdf
21:39:59 INFO    547/679 superseding-indictment-against-pittsburgh-health-care-facility-owner-adds-charges-of-social-security-fraud-and_87a85c3d2176.pdf
21:39:59 INFO    548/679 tampa-man-agrees-to-pay-u-s-government-2-million-for-his-role-in-medical-kickback-scheme_111132efecc1.pdf
21:39:59 INFO    549/679 taunton-man-sentenced-to-more-than-two-years-in-prison-for-1-million-health-care-fraud-scheme_3053c9765c3a.pdf
21:39:59 INFO    550/679 telehealth-company-agrees-to-pay-300-000-to-resolve-false-claims-act-allegations_dc896a605228.pdf
21:39:59 INFO    551/679 telehealth-company-pays-386-000-to-resolve-allegations-of-overbilling-for-medicare-telehealth-time_9778473c2e7c.pdf
21:39:59 INFO    552/679 telemarketing-company-operators-sentenced-for-roles-in-genetic-testing-fraud-scheme_80a50e4153d0.pdf
21:39:59 INFO    553/679 texas-businessman-admits-1-9-million-covid-test-kit-fraud_b885132a0514.pdf
21:39:59 INFO    554/679 texas-company-charged-with-aiding-and-abetting-fraudulent-transactions-related-to-false-ethanol-sales_50264bb14489.pdf
21:39:59 INFO    555/679 texas-doctor-who-falsely-diagnosed-patients-sentenced-to-10-years-imprisonment-in-connection-with-118m-in-frau_0c1cfd9067a7.pdf
21:39:59 INFO    556/679 texas-hospital-ceo-sentenced-to-federal-prison-for-role-in-health-care-kickback-conspiracy_3e162241d773.pdf
21:39:59 INFO    557/679 texas-insurance-broker-sentenced-in-scheme-to-defraud-paycheck-protection-program_e6efaf51b084.pdf
21:39:59 INFO    558/679 texas-man-charged-with-conspiracy-to-obtain-controlled-substances-by-fraud_959ccc2553e4.pdf
21:39:59 INFO    559/679 texas-pharmacist-sentenced-to-over-17-years-in-prison-and-ordered-to-forfeit-405m-in-assets-for-defrauding-the_dabd6fa69117.pdf
21:39:59 INFO    560/679 texas-resident-sentenced-for-conspiring-to-defraud-the-chickasaw-nation-department-of-health_683d7c2aba5d.pdf
21:39:59 INFO    561/679 the-arthritis-knee-pain-centers-and-dr-john-rush-face-federal-civil-false-claims-allegations_bb38163c30b9.pdf
21:39:59 INFO    562/679 the-breastfeeding-shop-and-its-owner-agree-to-pay-1-million-to-resolve-allegations-of-false-claims-for-reimbur_b1f0f8e448c3.pdf
21:39:59 INFO    563/679 the-new-england-strike-force-joins-nationwide-crackdown-on-health-care-fraud_2da3d0e30528.pdf
21:39:59 INFO    564/679 the-united-states-and-state-of-north-carolina-file-false-claims-act-complaint-against-durable-medical-equipmen_cc5633bf5f68.pdf
21:39:59 INFO    565/679 the-united-states-files-false-claims-act-complaint-against-three-national-health-insurance-companies-and-three_d8ab18666e8a.pdf
21:39:59 INFO    566/679 thibodaux-social-worker-sentenced-to-30-months-for-healthcare-fraud_5e491e7c9c8b.pdf
21:39:59 INFO    567/679 thibodaux-social-worker-sentenced-to-30-months-for-healthcare-fraud_95c89a6ef7f2.pdf
21:39:59 INFO    568/679 three-baton-rouge-individuals-plead-guilty-in-federal-court-in-connection-with-the-department-of-justices-2024_4fd56161e58c.pdf
21:39:59 INFO    569/679 three-baton-rouge-individuals-sentenced-to-federal-prison-in-connection-with-the-department-of-justices-2024-n_c40671f86a06.pdf
21:39:59 INFO    570/679 three-convicted-for-fraudulently-billing-over-8-million-to-medicare-and-medicaid-through-opioid-addiction-trea_78da0f094971.pdf
21:39:59 INFO    571/679 three-defendants-plead-guilty-in-multi-million-dollar-pandemic-assistance-fraud-scheme_bcb2a1349d50.pdf
21:39:59 INFO    572/679 three-former-executives-for-magellan-diagnostics-plead-guilty-to-false-statements-and-fdca-violations_63f169d74bf6.pdf
21:39:59 INFO    573/679 three-former-executives-for-magellan-diagnostics-sentenced-for-false-statements-and-fdca-violations_ba06b7704b27.pdf
21:39:59 INFO    574/679 three-indicted-in-multi-state-prescription-fraud-ring_3bc7167344f8.pdf
21:39:59 INFO    575/679 three-leaders-of-primary-health-network-plead-guilty-to-defrauding-non-profit-medical-organization-of-millions_2d45c75b57b8.pdf
21:39:59 INFO    576/679 three-more-plead-guilty-in-1st-adult-n-pediatric-healthcare-fraud-case_eed0d36a140b.pdf
21:39:59 INFO    577/679 three-people-sentenced-to-prison-for-scheme-to-bill-medicare-for-millions-of-dollars-in-unnecessary-medical-eq_33742a47f7dd.pdf
21:39:59 INFO    578/679 three-west-tennessee-residents-charged-in-connection-with-over-28-million-in-alleged-health-care-fraud_540bbbfd1459.pdf
21:39:59 INFO    579/679 tonawanda-doctor-pleads-guilty-for-his-role-in-prescription-scam_c5ad108cd733.pdf
21:39:59 INFO    580/679 tri-cities-urgent-care-clinic-agrees-to-pay-2-8-million-to-resolve-claims-of-overbilling-for-diagnostic-tests_254a12f2fd51.pdf
21:39:59 INFO    581/679 tri-cities-urgent-care-clinic-agrees-to-pay-2-8-million-to-resolve-claims-of-overbilling-for-diagnostic-tests_b66a90555712.pdf
21:39:59 INFO    582/679 troy-health-inc-enters-non-prosecution-agreement-and-admits-to-fraudulently-enrolling-medicare-beneficiaries-a_f761d98c03e2.pdf
21:39:59 INFO    583/679 trucking-company-operator-sentenced-to-prison-for-tax-evasion_76a34378de45.pdf
21:39:59 INFO    584/679 tulsa-doctor-charged-in-national-healthcare-fraud-takedown_ceba453bc7a6.pdf
21:39:59 INFO    585/679 two-arizona-department-of-economic-security-employees-convicted-of-receiving-bribes-to-approve-unemployment-in_ba283d7a4a88.pdf
21:39:59 INFO    586/679 two-brothers-from-india-arraigned-on-indictment-for-selling-counterfeit-cancer-drugs-and-adulterated-medicatio_5f7c877d3a1a.pdf
21:39:59 INFO    587/679 two-california-doctors-agree-to-settlements-totaling-375-000-to-resolve-allegations-of-fraud-schemes-related-t_cd7ca20c46cd.pdf
21:39:59 INFO    588/679 two-california-residents-plead-guilty-in-connection-with-16m-hospice-fraud-scheme-and-money-laundering-scheme_b719322c6b20.pdf
21:39:59 INFO    589/679 two-charged-in-227m-medicare-fraud-scheme_0675447a3d67.pdf
21:39:59 INFO    590/679 two-charged-with-defrauding-connecticuts-medicaid-program_c106c6f86012.pdf
21:39:59 INFO    591/679 two-executives-of-louisiana-compounding-pharmacy-convicted-of-defrauding-tricare-and-new-jersey-state-health-b_2a88b87a4b17.pdf
21:39:59 INFO    592/679 two-florida-men-charged-for-34-8m-fraud-scheme-targeting-medicare-beneficiaries_973fbf928858.pdf
21:39:59 INFO    593/679 two-former-laboratory-sales-executives-sentenced-to-federal-prison-for-roles-in-health-care-kickback-conspirac_ad7d431e7b95.pdf
21:39:59 INFO    594/679 two-iowa-healthcare-practitioners-settle-allegations-for-false-submission-of-claims-to-federal-healthcare-prog_b5967c11acbd.pdf
21:39:59 INFO    595/679 two-jonesborough-women-and-a-bristol-virginia-man-sentenced-for-va-bribery-scheme_fe84831685a9.pdf
21:39:59 INFO    596/679 two-men-charged-in-hiv-medication-fraud-and-identity-theft-scheme_b6d5935457e5.pdf
21:39:59 INFO    597/679 two-men-sentenced-for-misbranding-and-conspiring-to-price-gouge-n95-masks-in-early-months-of-covid-19-pandemic_a2b0152122e9.pdf
21:39:59 INFO    598/679 two-miami-men-sentenced-to-nearly-five-years-in-prison-for-28-million-scheme-involving-diverted-pharmaceutical_7a8194f0c6e6.pdf
21:39:59 INFO    599/679 two-pharmacists-convicted-for-illegal-distribution-of-oxycodone_d8c7f353fd95.pdf
21:39:59 INFO    600/679 two-pharmacists-sentenced-to-years-in-prison-for-illegal-distribution-of-oxycodone_ceb5f20cec2c.pdf
21:39:59 INFO    601/679 two-st-louis-area-doctors-admit-health-crimes_e78fd1bd2b6f.pdf
21:39:59 INFO    602/679 two-time-convicted-felon-ceo-and-his-dietary-supplement-company-convicted-of-4-7-million-fraud-scheme_124bc5e009bb.pdf
21:39:59 INFO    603/679 two-west-covina-women-arrested-on-indictment-alleging-4-8-million-hospice-services-scheme-to-defraud-medicare_f7df5b60eddf.pdf
21:39:59 INFO    604/679 u-k-citizen-indicted-for-2-7m-telehealth-scheme_a7ee260ce75d.pdf
21:39:59 INFO    605/679 u-s-attorney-039-s-office-collects-48-million-restitution-ordered-against-insys-executives-convicted-of-health_d57e58b08b3a.pdf
21:39:59 INFO    606/679 u-s-attorney-039-s-office-collects-more-than-60-million-in-civil-and-criminal-actions-in-fiscal-year-2024_9bdcd84237bc.pdf
21:39:59 INFO    607/679 u-s-attorney-039-s-office-collects-nearly-3-5-million-in-debts-owed-to-federal-victims-of-crime-and-the-united_567aadaab061.pdf
21:39:59 INFO    608/679 u-s-attorney-039-s-office-for-the-western-district-of-kentucky-collects-over-104-million-in-fiscal-year-2024_cdd6869b187e.pdf
21:39:59 INFO    609/679 u-s-attorney-039-s-office-hosts-annual-meeting-of-the-western-district-039-s-health-care-fraud-working-group_4df8032fa008.pdf
21:39:59 INFO    610/679 u-s-attorney-039-s-office-participates-in-record-setting-national-health-care-fraud-takedown_d8d9b1afe5a6.pdf
21:39:59 INFO    611/679 u-s-attorney-announces-202-million-settlement-with-gilead-sciences-for-using-speaker-programs-to-pay-kickbacks_01d690afb084.pdf
21:39:59 INFO    612/679 u-s-attorney-announces-37-76-million-settlement-with-cvs-for-over-dispensing-insulin-pens-to-patients_d8f8369409ef.pdf
21:39:59 INFO    613/679 u-s-attorney-announces-6-8-million-settlement-with-new-york-presbyterian-hudson-valley-hospital-for-paying-kic_67271b91594e.pdf
21:39:59 INFO    614/679 u-s-attorney-damien-m-diggs-announces-departure_13f0a8a45365.pdf
21:39:59 INFO    615/679 u-s-attorney-erik-s-siebert-announces-charges-as-part-of-dojs-national-health-care-fraud-enforcement-action_d0e43c2a2265.pdf
21:39:59 INFO    616/679 u-s-attorney-jason-a-reding-quinones-swears-in-veteran-trial-lawyer-maria-guzman-as-assistant-united-states-at_e938356c236e.pdf
21:39:59 INFO    617/679 u-s-attorney-ryan-k-buchanan-announces-upcoming-resignation_2ef249273789.pdf
21:39:59 INFO    618/679 u-s-attorney-vanessa-roberts-avery-announces-resignation_79b5f216253f.pdf
21:39:59 INFO    619/679 u-s-attorney-zachary-a-keller-highlights-a-dozen-significant-prosecutions-during-government-shutdown_635aec8a5361.pdf
21:39:59 INFO    620/679 u-s-attorneys-office-and-former-los-alamos-national-laboratory-employee-reach-settlement-to-resolve-false-clai_eaf47dc04cfa.pdf
21:39:59 INFO    621/679 u-s-attorneys-office-announces-5-individuals-charged-as-part-of-department-of-justices-2025-national-health-ca_c0305c6f56d9.pdf
21:39:59 INFO    622/679 u-s-attorneys-office-announces-charges-filed-as-part-of-national-health-care-fraud-takedown_33d38a0d3c92.pdf
21:39:59 INFO    623/679 u-s-attorneys-office-collects-17-444-425-in-civil-and-criminal-actions-in-fiscal-year-2024_c6743293775f.pdf
21:39:59 INFO    624/679 u-s-attorneys-office-collects-23-5-million-in-civil-and-criminal-actions-in-fiscal-year-2024_8599ec60ed2d.pdf
21:39:59 INFO    625/679 u-s-attorneys-office-collects-more-than-1-5-billion-in-criminal-and-civil-actions-in-fiscal-year-2024_4bb51ab61e57.pdf
21:39:59 INFO    626/679 u-s-attorneys-office-collects-more-than-17-million-in-civil-and-criminal-actions-in-fiscal-year-2024_aa17a22ebf69.pdf
21:39:59 INFO    627/679 u-s-attorneys-office-collects-more-than-26-million-in-civil-and-criminal-actions-in-fiscal-year-2024_ec1c080b5f07.pdf
21:39:59 INFO    628/679 u-s-attorneys-office-collects-more-than-4m-in-civil-and-criminal-actions-plus-nearly-2m-in-forfeited-assets-in_786584522c06.pdf
21:39:59 INFO    629/679 u-s-attorneys-office-collects-over-20-million-in-civil-and-criminal-actions-in-fiscal-year-2024_29b406c20893.pdf
21:39:59 INFO    630/679 u-s-attorneys-office-collects-over-39-million-in-civil-and-criminal-actions-in-fiscal-year-2024_16971b77a461.pdf
21:39:59 INFO    631/679 u-s-attorneys-office-participates-in-national-health-care-fraud-takedown-resulting-in-2-million-civil-settleme_edbb451f871a.pdf
21:39:59 INFO    632/679 u-s-attorneys-office-participates-in-record-setting-national-health-care-fraud-takedown_18ce19362465.pdf
21:39:59 INFO    633/679 u-s-attorneys-office-recovers-more-than-55-million-in-civil-settlements-and-judgments-in-calendar-year-2024_b8d4e2180d9e.pdf
21:39:59 INFO    634/679 u-s-attorneys-office-seeks-potential-victims-in-case-against-st-louis-doctor-and-staff_cb0e312f32e5.pdf
21:39:59 INFO    635/679 u-s-attorneys-offices-collection-and-enforcement-efforts-exceed-40-million-in-fiscal-year-2024_116ef372da38.pdf
21:39:59 INFO    636/679 u-s-postal-service-employee-indicted-for-alleged-workers-compensation-fraud_8b2cea843734.pdf
21:39:59 INFO    637/679 unified-care-services-llc-agrees-to-pay-18m-to-settle-false-claims-act-allegations-relating-to-paycheck-protec_06e808287b73.pdf
21:39:59 INFO    638/679 union-city-pharmacy-agrees-to-resolve-false-claims-act-allegations-of-billing-for-drugs-not-dispensed_7966328c8afb.pdf
21:39:59 INFO    639/679 united-states-and-the-states-of-georgia-colorado-and-south-carolina-obtain-114-5m-in-judgments-in-a-sprawling-_bc66ccf144ed.pdf
21:39:59 INFO    640/679 united-states-attorney-039-s-office-collected-more-than-137-million-in-fiscal-year-2024_417931d0dcb6.pdf
21:39:59 INFO    641/679 united-states-attorney-brandon-b-brown-announces-resignation-from-office_3427f2b70797.pdf
21:39:59 INFO    642/679 united-states-attorney-dena-j-king-announces-departure-after-serving-as-chief-law-enforcement-officer-in-the-w_406b92c25413.pdf
21:39:59 INFO    643/679 united-states-attorney-nikolas-kerest-submits-resignation_f4b646d95298.pdf
21:39:59 INFO    644/679 united-states-attorneys-office-in-chicago-creates-new-section-to-prosecute-criminal-healthcare-fraud-violation_f88e167cb9ee.pdf
21:39:59 INFO    645/679 united-states-files-complaint-against-barco-uniforms-and-its-suppliers-alleging-false-claims-act-violations-in_a0ac78d6a5f1.pdf
21:39:59 INFO    646/679 united-states-files-complaint-against-several-national-health-insurance-companies-and-brokers-alleging-unlawfu_176631c371a5.pdf
21:39:59 INFO    647/679 united-states-files-false-claim-act-complaint-against-delaware-medical-provider_5c4fb29c8d28.pdf
21:39:59 INFO    648/679 united-states-files-false-claims-act-complaint-against-vohra-wound-physicians-management-and-its-owner-allegin_653e9eaab15c.pdf
21:39:59 INFO    649/679 united-states-files-false-claims-act-complaint-alleging-genetic-testing-medicare-fraud_7c439c42cdca.pdf
21:39:59 INFO    650/679 united-states-files-lawsuit-against-san-bernardino-county-based-health-plan-for-alleged-false-claims-to-califo_d844821208eb.pdf
21:39:59 INFO    651/679 united-states-files-suit-against-california-based-health-plan-for-alleged-false-claims-to-californias-medicaid_c761ce95711b.pdf
21:39:59 INFO    652/679 united-states-intervenes-and-sues-promedica-health-system-inc-and-its-affiliates-for-providing-grossly-substan_3cdbeebdc283.pdf
21:39:59 INFO    653/679 united-states-obtains-more-than-1-4-million-judgment-against-family-medical-practitioner-for-fraudulent-billin_9fb9e6d54882.pdf
21:39:59 INFO    654/679 united-states-reaches-501-556-civil-settlement-resolving-allegations-of-false-claims-to-federal-health-care-pr_9f82f002a2ac.pdf
21:39:59 INFO    655/679 united-states-sues-skilled-nursing-company-executives-and-consultant-for-fraudulent-billing_b3789289cd16.pdf
21:39:59 INFO    656/679 urgent-care-operator-pays-3-million-dollars-to-resolve-alleged-violations-of-the-false-claims-act_4bc267a1eb3f.pdf
21:39:59 INFO    657/679 usao-collects-nearly-28m-in-civil-and-criminal-actions-for-fy-2024_44fe90c8f03e.pdf
21:39:59 INFO    658/679 va-firefighter-admits-scheme-to-commit-workers-compensation-fraud_84a610993ffe.pdf
21:39:59 INFO    659/679 vault-agrees-to-pay-8-million-to-settle-allegations-of-billing-false-claims-to-the-covid-19-uninsured-program-_8731d806f200.pdf
21:39:59 INFO    660/679 veterans-affairs-contractor-agrees-to-pay-4-3-million-to-resolve-claims-of-overbilling-for-products_0fdf86187e14.pdf
21:39:59 INFO    661/679 vice-president-of-health-care-software-and-services-company-pleads-guilty-to-1b-health-care-fraud-conspiracy_bca058c035cc.pdf
21:39:59 INFO    662/679 vicksburg-man-sentenced-to-32-years-in-federal-prison-for-health-care-fraud-money-laundering-identity-theft-an_ddbcd6bd2e85.pdf
21:39:59 INFO    663/679 virginia-beach-doctor-agrees-to-625-000-false-claims-act-settlement_57250239ecbf.pdf
21:39:59 INFO    664/679 virginia-laboratory-to-pay-758-000-to-settle-allegations-of-kickbacks-to-doctors-and-marketers_f495db470d16.pdf
21:39:59 INFO    665/679 vohra-wound-physicians-and-its-owner-agree-to-pay-45m-to-settle-fraud-allegations-of-overbilling-for-wound-car_08fa6f6e252a.pdf
21:39:59 INFO    666/679 vra-enterprises-agrees-to-pay-over-17-million-for-allegedly-billing-medicare-for-over-the-counter-covid-19-tes_50ef0facc43a.pdf
21:39:59 INFO    667/679 wake-forest-woman-sentenced-to-prison-for-85k-covid-fraud_a0e63f19fbf2.pdf
21:39:59 INFO    668/679 walgreen-co-agrees-to-pay-over-2-8-million-to-settle-allegations-of-overbilling-medicaid-programs_e5e721a34477.pdf
21:39:59 INFO    669/679 walgreens-agrees-to-pay-up-to-350-million-for-illegally-filling-unlawful-opioid-prescriptions-and-for-submitti_0fc2ae288896.pdf
21:39:59 INFO    670/679 walgreens-agrees-to-pay-up-to-350m-for-illegally-filling-unlawful-opioid-prescriptions-and-for-submitting-fals_e0187dce566c.pdf
21:39:59 INFO    671/679 waterbury-woman-pleads-guilty-admits-multiple-fraud-schemes_5a9c90a5d8bc.pdf
21:39:59 INFO    672/679 waterford-woman-sentenced-to-2-years-in-prison-for-stealing-from-addiction-and-mental-health-services-nonprofi_23aa965f3eaf.pdf
21:39:59 INFO    673/679 webster-woman-charged-with-defrauding-medicaid_d4b8e664c5fb.pdf
21:39:59 INFO    674/679 wethersfield-woman-admits-role-in-scheme-that-defrauded-connecticuts-medicaid-program-of-more-than-1-8-million_d35665b014ad.pdf
21:39:59 INFO    675/679 wmata-train-operators-arrested-in-health-care-fraud-scheme_5fe8179c979e.pdf
21:39:59 INFO    676/679 wny-medical-agrees-to-pay-250-000-to-resolve-allegations-of-improper-medicare-billing-for-chronic-care-managem_dd05638d8eed.pdf
21:39:59 INFO    677/679 woman-previously-convicted-of-fraud-and-identity-theft-offenses-sentenced-to-additional-prison-time-for-violat_a0357bf89490.pdf
21:39:59 INFO    678/679 woman-sentenced-for-fraud-scheme-involving-claims-for-unnecessary-respiratory-tests-submitted-with-covid-19-te_1fe203b0bf67.pdf
21:39:59 INFO    679/679 wound-graft-company-owners-sentenced-for-1-2b-health-care-fraud-and-agree-to-pay-309m-to-resolve-civil-liabili_0755c18909f2.pdf
21:39:59 INFO    extracted 679 documents in 0.3 min
21:42:59 INFO    ------------------------------------------------------------
21:42:59 INFO    679/679 documents extracted
21:42:59 INFO    -> /Users/max-imac/MaxWork/AgentWork/Download_FraudCases/extracted/DOJ_2025/cases.csv
21:42:59 INFO    -> /Users/max-imac/MaxWork/AgentWork/Download_FraudCases/extracted/DOJ_2025/cases.json
21:42:59 INFO    -> /Users/max-imac/MaxWork/AgentWork/Download_FraudCases/extracted/DOJ_2025/patterns.md
